11:27:52 **** Incremental Build of configuration Debug for project hdmi_animation ****
make pre-build main-build 
a9-linaro-pre-build-step
' '
'Building file: ../video_demo.c'
'Invoking: ARM v7 gcc compiler'
arm-none-eabi-gcc -Wall -O0 -g3 -c -fmessage-length=0 -MT"video_demo.o" -mcpu=cortex-a9 -mfpu=vfpv3 -mfloat-abi=hard -I../../hdmi_animation_bsp/ps7_cortexa9_0/include -MMD -MP -MF"video_demo.d" -MT"video_demo.o" -o "video_demo.o" "../video_demo.c"
../video_demo.c:29:10: fatal error: video_capture.h: No such file or directory
 #include "video_capture.h"
          ^~~~~~~~~~~~~~~~~
compilation terminated.
make: *** [subdir.mk:20: video_demo.o] Error 1
14:06:44 **** Clean-only build of configuration Debug for project hdmi_animation ****
make clean 
rm -rf  ./src/video_capture/video_capture.o  ./src/timer_ps/timer_ps.o  ./src/intc/intc.o  ./src/dynclk/dynclk.o  ./src/display_ctrl/display_ctrl.o  ./video_demo.o  ./src/video_capture/video_capture.d  ./src/timer_ps/timer_ps.d  ./src/intc/intc.d  ./src/dynclk/dynclk.d  ./src/display_ctrl/display_ctrl.d  ./video_demo.d  hdmi_animation.elf.size  hdmi_animation.elf
' '
14:06:45 **** Auto Build of configuration Debug for project hdmi_animation ****
make pre-build main-build 
a9-linaro-pre-build-step
' '
'Building file: ../src/video_capture/video_capture.c'
'Invoking: ARM v7 gcc compiler'
arm-none-eabi-gcc -Wall -O0 -g3 -c -fmessage-length=0 -MT"src/video_capture/video_capture.o" -mcpu=cortex-a9 -mfpu=vfpv3 -mfloat-abi=hard -I../../hdmi_animation_bsp/ps7_cortexa9_0/include -MMD -MP -MF"src/video_capture/video_capture.d" -MT"src/video_capture/video_capture.o" -o "src/video_capture/video_capture.o" "../src/video_capture/video_capture.c"
'Finished building: ../src/video_capture/video_capture.c'
' '
'Building file: ../src/timer_ps/timer_ps.c'
'Invoking: ARM v7 gcc compiler'
arm-none-eabi-gcc -Wall -O0 -g3 -c -fmessage-length=0 -MT"src/timer_ps/timer_ps.o" -mcpu=cortex-a9 -mfpu=vfpv3 -mfloat-abi=hard -I../../hdmi_animation_bsp/ps7_cortexa9_0/include -MMD -MP -MF"src/timer_ps/timer_ps.d" -MT"src/timer_ps/timer_ps.o" -o "src/timer_ps/timer_ps.o" "../src/timer_ps/timer_ps.c"
'Finished building: ../src/timer_ps/timer_ps.c'
' '
'Building file: ../src/intc/intc.c'
'Invoking: ARM v7 gcc compiler'
arm-none-eabi-gcc -Wall -O0 -g3 -c -fmessage-length=0 -MT"src/intc/intc.o" -mcpu=cortex-a9 -mfpu=vfpv3 -mfloat-abi=hard -I../../hdmi_animation_bsp/ps7_cortexa9_0/include -MMD -MP -MF"src/intc/intc.d" -MT"src/intc/intc.o" -o "src/intc/intc.o" "../src/intc/intc.c"
'Finished building: ../src/intc/intc.c'
' '
'Building file: ../src/dynclk/dynclk.c'
'Invoking: ARM v7 gcc compiler'
arm-none-eabi-gcc -Wall -O0 -g3 -c -fmessage-length=0 -MT"src/dynclk/dynclk.o" -mcpu=cortex-a9 -mfpu=vfpv3 -mfloat-abi=hard -I../../hdmi_animation_bsp/ps7_cortexa9_0/include -MMD -MP -MF"src/dynclk/dynclk.d" -MT"src/dynclk/dynclk.o" -o "src/dynclk/dynclk.o" "../src/dynclk/dynclk.c"
'Finished building: ../src/dynclk/dynclk.c'
' '
'Building file: ../src/display_ctrl/display_ctrl.c'
'Invoking: ARM v7 gcc compiler'
arm-none-eabi-gcc -Wall -O0 -g3 -c -fmessage-length=0 -MT"src/display_ctrl/display_ctrl.o" -mcpu=cortex-a9 -mfpu=vfpv3 -mfloat-abi=hard -I../../hdmi_animation_bsp/ps7_cortexa9_0/include -MMD -MP -MF"src/display_ctrl/display_ctrl.d" -MT"src/display_ctrl/display_ctrl.o" -o "src/display_ctrl/display_ctrl.o" "../src/display_ctrl/display_ctrl.c"
'Finished building: ../src/display_ctrl/display_ctrl.c'
' '
'Building file: ../src/video_demo.c'
'Invoking: ARM v7 gcc compiler'
arm-none-eabi-gcc -Wall -O0 -g3 -c -fmessage-length=0 -MT"src/video_demo.o" -mcpu=cortex-a9 -mfpu=vfpv3 -mfloat-abi=hard -I../../hdmi_animation_bsp/ps7_cortexa9_0/include -MMD -MP -MF"src/video_demo.d" -MT"src/video_demo.o" -o "src/video_demo.o" "../src/video_demo.c"
../src/video_demo.c:28:10: fatal error: video_demo.h: No such file or directory
 #include "video_demo.h"
          ^~~~~~~~~~~~~~
compilation terminated.
make: *** [src/subdir.mk:23: src/video_demo.o] Error 1
14:06:50 **** Clean-only build of configuration Debug for project hdmi_animation ****
make clean 
rm -rf  ./src/video_capture/video_capture.o  ./src/timer_ps/timer_ps.o  ./src/intc/intc.o  ./src/dynclk/dynclk.o  ./src/display_ctrl/display_ctrl.o  ./src/video_demo.o  ./video_demo.o  ./src/video_capture/video_capture.d  ./src/timer_ps/timer_ps.d  ./src/intc/intc.d  ./src/dynclk/dynclk.d  ./src/display_ctrl/display_ctrl.d  ./src/video_demo.d  ./video_demo.d  hdmi_animation.elf.size  hdmi_animation.elf
' '
14:06:50 **** Auto Build of configuration Debug for project hdmi_animation ****
make pre-build main-build 
a9-linaro-pre-build-step
' '
'Building file: ../src/video_capture/video_capture.c'
'Invoking: ARM v7 gcc compiler'
arm-none-eabi-gcc -Wall -O0 -g3 -c -fmessage-length=0 -MT"src/video_capture/video_capture.o" -mcpu=cortex-a9 -mfpu=vfpv3 -mfloat-abi=hard -I../../hdmi_animation_bsp/ps7_cortexa9_0/include -MMD -MP -MF"src/video_capture/video_capture.d" -MT"src/video_capture/video_capture.o" -o "src/video_capture/video_capture.o" "../src/video_capture/video_capture.c"
'Finished building: ../src/video_capture/video_capture.c'
' '
'Building file: ../src/timer_ps/timer_ps.c'
'Invoking: ARM v7 gcc compiler'
arm-none-eabi-gcc -Wall -O0 -g3 -c -fmessage-length=0 -MT"src/timer_ps/timer_ps.o" -mcpu=cortex-a9 -mfpu=vfpv3 -mfloat-abi=hard -I../../hdmi_animation_bsp/ps7_cortexa9_0/include -MMD -MP -MF"src/timer_ps/timer_ps.d" -MT"src/timer_ps/timer_ps.o" -o "src/timer_ps/timer_ps.o" "../src/timer_ps/timer_ps.c"
'Finished building: ../src/timer_ps/timer_ps.c'
' '
'Building file: ../src/intc/intc.c'
'Invoking: ARM v7 gcc compiler'
arm-none-eabi-gcc -Wall -O0 -g3 -c -fmessage-length=0 -MT"src/intc/intc.o" -mcpu=cortex-a9 -mfpu=vfpv3 -mfloat-abi=hard -I../../hdmi_animation_bsp/ps7_cortexa9_0/include -MMD -MP -MF"src/intc/intc.d" -MT"src/intc/intc.o" -o "src/intc/intc.o" "../src/intc/intc.c"
'Finished building: ../src/intc/intc.c'
' '
'Building file: ../src/dynclk/dynclk.c'
'Invoking: ARM v7 gcc compiler'
arm-none-eabi-gcc -Wall -O0 -g3 -c -fmessage-length=0 -MT"src/dynclk/dynclk.o" -mcpu=cortex-a9 -mfpu=vfpv3 -mfloat-abi=hard -I../../hdmi_animation_bsp/ps7_cortexa9_0/include -MMD -MP -MF"src/dynclk/dynclk.d" -MT"src/dynclk/dynclk.o" -o "src/dynclk/dynclk.o" "../src/dynclk/dynclk.c"
'Finished building: ../src/dynclk/dynclk.c'
' '
'Building file: ../src/display_ctrl/display_ctrl.c'
'Invoking: ARM v7 gcc compiler'
arm-none-eabi-gcc -Wall -O0 -g3 -c -fmessage-length=0 -MT"src/display_ctrl/display_ctrl.o" -mcpu=cortex-a9 -mfpu=vfpv3 -mfloat-abi=hard -I../../hdmi_animation_bsp/ps7_cortexa9_0/include -MMD -MP -MF"src/display_ctrl/display_ctrl.d" -MT"src/display_ctrl/display_ctrl.o" -o "src/display_ctrl/display_ctrl.o" "../src/display_ctrl/display_ctrl.c"
'Finished building: ../src/display_ctrl/display_ctrl.c'
' '
'Building file: ../src/video_demo.c'
'Invoking: ARM v7 gcc compiler'
arm-none-eabi-gcc -Wall -O0 -g3 -c -fmessage-length=0 -MT"src/video_demo.o" -mcpu=cortex-a9 -mfpu=vfpv3 -mfloat-abi=hard -I../../hdmi_animation_bsp/ps7_cortexa9_0/include -MMD -MP -MF"src/video_demo.d" -MT"src/video_demo.o" -o "src/video_demo.o" "../src/video_demo.c"
In file included from ../src/video_demo.c:29:
../src/video_capture.h:78:10: fatal error: ../intc/intc.h: No such file or directory
 #include "../intc/intc.h"
          ^~~~~~~~~~~~~~~~
compilation terminated.
make: *** [src/subdir.mk:23: src/video_demo.o] Error 1
14:07:58 **** Clean-only build of configuration Debug for project hdmi_animation ****
make clean 
rm -rf  ./src/video_capture/video_capture.o  ./src/timer_ps/timer_ps.o  ./src/intc/intc.o  ./src/dynclk/dynclk.o  ./src/display_ctrl/display_ctrl.o  ./src/video_demo.o  ./video_demo.o  ./src/video_capture/video_capture.d  ./src/timer_ps/timer_ps.d  ./src/intc/intc.d  ./src/dynclk/dynclk.d  ./src/display_ctrl/display_ctrl.d  ./src/video_demo.d  ./video_demo.d  hdmi_animation.elf.size  hdmi_animation.elf
' '
14:07:59 **** Auto Build of configuration Debug for project hdmi_animation ****
make pre-build main-build 
a9-linaro-pre-build-step
' '
'Building file: ../src/video_capture/video_capture.c'
'Invoking: ARM v7 gcc compiler'
arm-none-eabi-gcc -Wall -O0 -g3 -c -fmessage-length=0 -MT"src/video_capture/video_capture.o" -mcpu=cortex-a9 -mfpu=vfpv3 -mfloat-abi=hard -I../../hdmi_animation_bsp/ps7_cortexa9_0/include -MMD -MP -MF"src/video_capture/video_capture.d" -MT"src/video_capture/video_capture.o" -o "src/video_capture/video_capture.o" "../src/video_capture/video_capture.c"
'Finished building: ../src/video_capture/video_capture.c'
' '
'Building file: ../src/timer_ps/timer_ps.c'
'Invoking: ARM v7 gcc compiler'
arm-none-eabi-gcc -Wall -O0 -g3 -c -fmessage-length=0 -MT"src/timer_ps/timer_ps.o" -mcpu=cortex-a9 -mfpu=vfpv3 -mfloat-abi=hard -I../../hdmi_animation_bsp/ps7_cortexa9_0/include -MMD -MP -MF"src/timer_ps/timer_ps.d" -MT"src/timer_ps/timer_ps.o" -o "src/timer_ps/timer_ps.o" "../src/timer_ps/timer_ps.c"
'Finished building: ../src/timer_ps/timer_ps.c'
' '
'Building file: ../src/intc/intc.c'
'Invoking: ARM v7 gcc compiler'
arm-none-eabi-gcc -Wall -O0 -g3 -c -fmessage-length=0 -MT"src/intc/intc.o" -mcpu=cortex-a9 -mfpu=vfpv3 -mfloat-abi=hard -I../../hdmi_animation_bsp/ps7_cortexa9_0/include -MMD -MP -MF"src/intc/intc.d" -MT"src/intc/intc.o" -o "src/intc/intc.o" "../src/intc/intc.c"
'Finished building: ../src/intc/intc.c'
' '
'Building file: ../src/dynclk/dynclk.c'
'Invoking: ARM v7 gcc compiler'
arm-none-eabi-gcc -Wall -O0 -g3 -c -fmessage-length=0 -MT"src/dynclk/dynclk.o" -mcpu=cortex-a9 -mfpu=vfpv3 -mfloat-abi=hard -I../../hdmi_animation_bsp/ps7_cortexa9_0/include -MMD -MP -MF"src/dynclk/dynclk.d" -MT"src/dynclk/dynclk.o" -o "src/dynclk/dynclk.o" "../src/dynclk/dynclk.c"
'Finished building: ../src/dynclk/dynclk.c'
' '
'Building file: ../src/display_ctrl/display_ctrl.c'
'Invoking: ARM v7 gcc compiler'
arm-none-eabi-gcc -Wall -O0 -g3 -c -fmessage-length=0 -MT"src/display_ctrl/display_ctrl.o" -mcpu=cortex-a9 -mfpu=vfpv3 -mfloat-abi=hard -I../../hdmi_animation_bsp/ps7_cortexa9_0/include -MMD -MP -MF"src/display_ctrl/display_ctrl.d" -MT"src/display_ctrl/display_ctrl.o" -o "src/display_ctrl/display_ctrl.o" "../src/display_ctrl/display_ctrl.c"
'Finished building: ../src/display_ctrl/display_ctrl.c'
' '
'Building file: ../src/video_demo.c'
'Invoking: ARM v7 gcc compiler'
arm-none-eabi-gcc -Wall -O0 -g3 -c -fmessage-length=0 -MT"src/video_demo.o" -mcpu=cortex-a9 -mfpu=vfpv3 -mfloat-abi=hard -I../../hdmi_animation_bsp/ps7_cortexa9_0/include -MMD -MP -MF"src/video_demo.d" -MT"src/video_demo.o" -o "src/video_demo.o" "../src/video_demo.c"
../src/video_demo.c:29:10: fatal error: video_capture.h: No such file or directory
 #include "video_capture.h"
          ^~~~~~~~~~~~~~~~~
compilation terminated.
make: *** [src/subdir.mk:23: src/video_demo.o] Error 1
14:08:27 **** Auto Build of configuration Debug for project hdmi_animation ****
make pre-build main-build 
a9-linaro-pre-build-step
' '
'Building file: ../src/video_demo.c'
'Invoking: ARM v7 gcc compiler'
arm-none-eabi-gcc -Wall -O0 -g3 -c -fmessage-length=0 -MT"src/video_demo.o" -mcpu=cortex-a9 -mfpu=vfpv3 -mfloat-abi=hard -I../../hdmi_animation_bsp/ps7_cortexa9_0/include -MMD -MP -MF"src/video_demo.d" -MT"src/video_demo.o" -o "src/video_demo.o" "../src/video_demo.c"
'Finished building: ../src/video_demo.c'
' '
make: *** No rule to make target 'video_demo.o', needed by 'hdmi_animation.elf'.  Stop.
14:09:23 **** Incremental Build of configuration Debug for project hdmi_animation ****
make pre-build main-build 
a9-linaro-pre-build-step
' '
make: *** No rule to make target 'video_demo.o', needed by 'hdmi_animation.elf'.  Stop.
14:11:48 **** Auto Build of configuration Debug for project hdmi ****
make pre-build main-build 
a9-linaro-pre-build-step
' '
'Building file: ../hdmi_example.c'
'Invoking: ARM v7 gcc compiler'
arm-none-eabi-gcc -Wall -O0 -g3 -c -fmessage-length=0 -MT"hdmi_example.o" -mcpu=cortex-a9 -mfpu=vfpv3 -mfloat-abi=hard -I../../hdmi_bsp/ps7_cortexa9_0/include -MMD -MP -MF"hdmi_example.d" -MT"hdmi_example.o" -o "hdmi_example.o" "../hdmi_example.c"
../hdmi_example.c:10:10: fatal error: zybo_z7_hdmi/display_ctrl.h: No such file or directory
 #include "zybo_z7_hdmi/display_ctrl.h"
          ^~~~~~~~~~~~~~~~~~~~~~~~~~~~~
compilation terminated.
make: *** [subdir.mk:23: hdmi_example.o] Error 1
14:12:06 **** Clean-only build of configuration Debug for project hdmi ****
make clean 
rm -rf  ./src/video_capture/video_capture.o  ./src/timer_ps/timer_ps.o  ./src/intc/intc.o  ./src/dynclk/dynclk.o  ./src/display_ctrl/display_ctrl.o  ./src/video_demo.o  ./hdmi_example.o ./hdmi_example_anim.o  ./src/video_capture/video_capture.d  ./src/timer_ps/timer_ps.d  ./src/intc/intc.d  ./src/dynclk/dynclk.d  ./src/display_ctrl/display_ctrl.d  ./src/video_demo.d  ./hdmi_example.d ./hdmi_example_anim.d  hdmi.elf.size  hdmi.elf
' '
14:12:06 **** Auto Build of configuration Debug for project hdmi ****
make pre-build main-build 
a9-linaro-pre-build-step
' '
'Building file: ../src/video_capture/video_capture.c'
'Invoking: ARM v7 gcc compiler'
arm-none-eabi-gcc -Wall -O0 -g3 -c -fmessage-length=0 -MT"src/video_capture/video_capture.o" -mcpu=cortex-a9 -mfpu=vfpv3 -mfloat-abi=hard -I../../hdmi_bsp/ps7_cortexa9_0/include -MMD -MP -MF"src/video_capture/video_capture.d" -MT"src/video_capture/video_capture.o" -o "src/video_capture/video_capture.o" "../src/video_capture/video_capture.c"
'Finished building: ../src/video_capture/video_capture.c'
' '
'Building file: ../src/timer_ps/timer_ps.c'
'Invoking: ARM v7 gcc compiler'
arm-none-eabi-gcc -Wall -O0 -g3 -c -fmessage-length=0 -MT"src/timer_ps/timer_ps.o" -mcpu=cortex-a9 -mfpu=vfpv3 -mfloat-abi=hard -I../../hdmi_bsp/ps7_cortexa9_0/include -MMD -MP -MF"src/timer_ps/timer_ps.d" -MT"src/timer_ps/timer_ps.o" -o "src/timer_ps/timer_ps.o" "../src/timer_ps/timer_ps.c"
'Finished building: ../src/timer_ps/timer_ps.c'
' '
'Building file: ../src/intc/intc.c'
'Invoking: ARM v7 gcc compiler'
arm-none-eabi-gcc -Wall -O0 -g3 -c -fmessage-length=0 -MT"src/intc/intc.o" -mcpu=cortex-a9 -mfpu=vfpv3 -mfloat-abi=hard -I../../hdmi_bsp/ps7_cortexa9_0/include -MMD -MP -MF"src/intc/intc.d" -MT"src/intc/intc.o" -o "src/intc/intc.o" "../src/intc/intc.c"
'Finished building: ../src/intc/intc.c'
' '
'Building file: ../src/dynclk/dynclk.c'
'Invoking: ARM v7 gcc compiler'
arm-none-eabi-gcc -Wall -O0 -g3 -c -fmessage-length=0 -MT"src/dynclk/dynclk.o" -mcpu=cortex-a9 -mfpu=vfpv3 -mfloat-abi=hard -I../../hdmi_bsp/ps7_cortexa9_0/include -MMD -MP -MF"src/dynclk/dynclk.d" -MT"src/dynclk/dynclk.o" -o "src/dynclk/dynclk.o" "../src/dynclk/dynclk.c"
'Finished building: ../src/dynclk/dynclk.c'
' '
'Building file: ../src/display_ctrl/display_ctrl.c'
'Invoking: ARM v7 gcc compiler'
arm-none-eabi-gcc -Wall -O0 -g3 -c -fmessage-length=0 -MT"src/display_ctrl/display_ctrl.o" -mcpu=cortex-a9 -mfpu=vfpv3 -mfloat-abi=hard -I../../hdmi_bsp/ps7_cortexa9_0/include -MMD -MP -MF"src/display_ctrl/display_ctrl.d" -MT"src/display_ctrl/display_ctrl.o" -o "src/display_ctrl/display_ctrl.o" "../src/display_ctrl/display_ctrl.c"
'Finished building: ../src/display_ctrl/display_ctrl.c'
' '
'Building file: ../src/hdmi_example.c'
'Invoking: ARM v7 gcc compiler'
arm-none-eabi-gcc -Wall -O0 -g3 -c -fmessage-length=0 -MT"src/hdmi_example.o" -mcpu=cortex-a9 -mfpu=vfpv3 -mfloat-abi=hard -I../../hdmi_bsp/ps7_cortexa9_0/include -MMD -MP -MF"src/hdmi_example.d" -MT"src/hdmi_example.o" -o "src/hdmi_example.o" "../src/hdmi_example.c"
../src/hdmi_example.c:10:10: fatal error: zybo_z7_hdmi/display_ctrl.h: No such file or directory
 #include "zybo_z7_hdmi/display_ctrl.h"
          ^~~~~~~~~~~~~~~~~~~~~~~~~~~~~
compilation terminated.
make: *** [src/subdir.mk:26: src/hdmi_example.o] Error 1
14:12:10 **** Clean-only build of configuration Debug for project hdmi ****
make clean 
rm -rf  ./src/video_capture/video_capture.o  ./src/timer_ps/timer_ps.o  ./src/intc/intc.o  ./src/dynclk/dynclk.o  ./src/display_ctrl/display_ctrl.o  ./src/hdmi_example.o ./src/video_demo.o  ./hdmi_example_anim.o  ./src/video_capture/video_capture.d  ./src/timer_ps/timer_ps.d  ./src/intc/intc.d  ./src/dynclk/dynclk.d  ./src/display_ctrl/display_ctrl.d  ./src/hdmi_example.d ./src/video_demo.d  ./hdmi_example_anim.d  hdmi.elf.size  hdmi.elf
' '
14:12:11 **** Auto Build of configuration Debug for project hdmi ****
make pre-build main-build 
a9-linaro-pre-build-step
' '
'Building file: ../src/video_capture/video_capture.c'
'Invoking: ARM v7 gcc compiler'
arm-none-eabi-gcc -Wall -O0 -g3 -c -fmessage-length=0 -MT"src/video_capture/video_capture.o" -mcpu=cortex-a9 -mfpu=vfpv3 -mfloat-abi=hard -I../../hdmi_bsp/ps7_cortexa9_0/include -MMD -MP -MF"src/video_capture/video_capture.d" -MT"src/video_capture/video_capture.o" -o "src/video_capture/video_capture.o" "../src/video_capture/video_capture.c"
'Finished building: ../src/video_capture/video_capture.c'
' '
'Building file: ../src/timer_ps/timer_ps.c'
'Invoking: ARM v7 gcc compiler'
arm-none-eabi-gcc -Wall -O0 -g3 -c -fmessage-length=0 -MT"src/timer_ps/timer_ps.o" -mcpu=cortex-a9 -mfpu=vfpv3 -mfloat-abi=hard -I../../hdmi_bsp/ps7_cortexa9_0/include -MMD -MP -MF"src/timer_ps/timer_ps.d" -MT"src/timer_ps/timer_ps.o" -o "src/timer_ps/timer_ps.o" "../src/timer_ps/timer_ps.c"
'Finished building: ../src/timer_ps/timer_ps.c'
' '
'Building file: ../src/intc/intc.c'
'Invoking: ARM v7 gcc compiler'
arm-none-eabi-gcc -Wall -O0 -g3 -c -fmessage-length=0 -MT"src/intc/intc.o" -mcpu=cortex-a9 -mfpu=vfpv3 -mfloat-abi=hard -I../../hdmi_bsp/ps7_cortexa9_0/include -MMD -MP -MF"src/intc/intc.d" -MT"src/intc/intc.o" -o "src/intc/intc.o" "../src/intc/intc.c"
'Finished building: ../src/intc/intc.c'
' '
'Building file: ../src/dynclk/dynclk.c'
'Invoking: ARM v7 gcc compiler'
arm-none-eabi-gcc -Wall -O0 -g3 -c -fmessage-length=0 -MT"src/dynclk/dynclk.o" -mcpu=cortex-a9 -mfpu=vfpv3 -mfloat-abi=hard -I../../hdmi_bsp/ps7_cortexa9_0/include -MMD -MP -MF"src/dynclk/dynclk.d" -MT"src/dynclk/dynclk.o" -o "src/dynclk/dynclk.o" "../src/dynclk/dynclk.c"
'Finished building: ../src/dynclk/dynclk.c'
' '
'Building file: ../src/display_ctrl/display_ctrl.c'
'Invoking: ARM v7 gcc compiler'
arm-none-eabi-gcc -Wall -O0 -g3 -c -fmessage-length=0 -MT"src/display_ctrl/display_ctrl.o" -mcpu=cortex-a9 -mfpu=vfpv3 -mfloat-abi=hard -I../../hdmi_bsp/ps7_cortexa9_0/include -MMD -MP -MF"src/display_ctrl/display_ctrl.d" -MT"src/display_ctrl/display_ctrl.o" -o "src/display_ctrl/display_ctrl.o" "../src/display_ctrl/display_ctrl.c"
'Finished building: ../src/display_ctrl/display_ctrl.c'
' '
'Building file: ../src/hdmi_example.c'
'Invoking: ARM v7 gcc compiler'
arm-none-eabi-gcc -Wall -O0 -g3 -c -fmessage-length=0 -MT"src/hdmi_example.o" -mcpu=cortex-a9 -mfpu=vfpv3 -mfloat-abi=hard -I../../hdmi_bsp/ps7_cortexa9_0/include -MMD -MP -MF"src/hdmi_example.d" -MT"src/hdmi_example.o" -o "src/hdmi_example.o" "../src/hdmi_example.c"
../src/hdmi_example.c:10:10: fatal error: zybo_z7_hdmi/display_ctrl.h: No such file or directory
 #include "zybo_z7_hdmi/display_ctrl.h"
          ^~~~~~~~~~~~~~~~~~~~~~~~~~~~~
compilation terminated.
make: *** [src/subdir.mk:29: src/hdmi_example.o] Error 1
14:12:25 **** Clean-only build of configuration Debug for project hdmi ****
make clean 
rm -rf  ./src/video_capture/video_capture.o  ./src/timer_ps/timer_ps.o  ./src/intc/intc.o  ./src/dynclk/dynclk.o  ./src/display_ctrl/display_ctrl.o  ./src/hdmi_example.o ./src/hdmi_example_anim.o ./src/video_demo.o  ./hdmi_example_anim.o  ./src/video_capture/video_capture.d  ./src/timer_ps/timer_ps.d  ./src/intc/intc.d  ./src/dynclk/dynclk.d  ./src/display_ctrl/display_ctrl.d  ./src/hdmi_example.d ./src/hdmi_example_anim.d ./src/video_demo.d  ./hdmi_example_anim.d  hdmi.elf.size  hdmi.elf
' '
14:12:26 **** Auto Build of configuration Debug for project hdmi ****
make pre-build main-build 
a9-linaro-pre-build-step
' '
'Building file: ../src/video_capture/video_capture.c'
'Invoking: ARM v7 gcc compiler'
arm-none-eabi-gcc -Wall -O0 -g3 -c -fmessage-length=0 -MT"src/video_capture/video_capture.o" -mcpu=cortex-a9 -mfpu=vfpv3 -mfloat-abi=hard -I../../hdmi_bsp/ps7_cortexa9_0/include -MMD -MP -MF"src/video_capture/video_capture.d" -MT"src/video_capture/video_capture.o" -o "src/video_capture/video_capture.o" "../src/video_capture/video_capture.c"
'Finished building: ../src/video_capture/video_capture.c'
' '
'Building file: ../src/timer_ps/timer_ps.c'
'Invoking: ARM v7 gcc compiler'
arm-none-eabi-gcc -Wall -O0 -g3 -c -fmessage-length=0 -MT"src/timer_ps/timer_ps.o" -mcpu=cortex-a9 -mfpu=vfpv3 -mfloat-abi=hard -I../../hdmi_bsp/ps7_cortexa9_0/include -MMD -MP -MF"src/timer_ps/timer_ps.d" -MT"src/timer_ps/timer_ps.o" -o "src/timer_ps/timer_ps.o" "../src/timer_ps/timer_ps.c"
'Finished building: ../src/timer_ps/timer_ps.c'
' '
'Building file: ../src/intc/intc.c'
'Invoking: ARM v7 gcc compiler'
arm-none-eabi-gcc -Wall -O0 -g3 -c -fmessage-length=0 -MT"src/intc/intc.o" -mcpu=cortex-a9 -mfpu=vfpv3 -mfloat-abi=hard -I../../hdmi_bsp/ps7_cortexa9_0/include -MMD -MP -MF"src/intc/intc.d" -MT"src/intc/intc.o" -o "src/intc/intc.o" "../src/intc/intc.c"
'Finished building: ../src/intc/intc.c'
' '
'Building file: ../src/dynclk/dynclk.c'
'Invoking: ARM v7 gcc compiler'
arm-none-eabi-gcc -Wall -O0 -g3 -c -fmessage-length=0 -MT"src/dynclk/dynclk.o" -mcpu=cortex-a9 -mfpu=vfpv3 -mfloat-abi=hard -I../../hdmi_bsp/ps7_cortexa9_0/include -MMD -MP -MF"src/dynclk/dynclk.d" -MT"src/dynclk/dynclk.o" -o "src/dynclk/dynclk.o" "../src/dynclk/dynclk.c"
'Finished building: ../src/dynclk/dynclk.c'
' '
'Building file: ../src/display_ctrl/display_ctrl.c'
'Invoking: ARM v7 gcc compiler'
arm-none-eabi-gcc -Wall -O0 -g3 -c -fmessage-length=0 -MT"src/display_ctrl/display_ctrl.o" -mcpu=cortex-a9 -mfpu=vfpv3 -mfloat-abi=hard -I../../hdmi_bsp/ps7_cortexa9_0/include -MMD -MP -MF"src/display_ctrl/display_ctrl.d" -MT"src/display_ctrl/display_ctrl.o" -o "src/display_ctrl/display_ctrl.o" "../src/display_ctrl/display_ctrl.c"
'Finished building: ../src/display_ctrl/display_ctrl.c'
' '
'Building file: ../src/hdmi_example_anim.c'
'Invoking: ARM v7 gcc compiler'
arm-none-eabi-gcc -Wall -O0 -g3 -c -fmessage-length=0 -MT"src/hdmi_example_anim.o" -mcpu=cortex-a9 -mfpu=vfpv3 -mfloat-abi=hard -I../../hdmi_bsp/ps7_cortexa9_0/include -MMD -MP -MF"src/hdmi_example_anim.d" -MT"src/hdmi_example_anim.o" -o "src/hdmi_example_anim.o" "../src/hdmi_example_anim.c"
../src/hdmi_example_anim.c:10:10: fatal error: zybo_z7_hdmi/display_ctrl.h: No such file or directory
 #include "zybo_z7_hdmi/display_ctrl.h"
          ^~~~~~~~~~~~~~~~~~~~~~~~~~~~~
compilation terminated.
make: *** [src/subdir.mk:26: src/hdmi_example_anim.o] Error 1
14:12:52 **** Auto Build of configuration Debug for project hdmi ****
make pre-build main-build 
a9-linaro-pre-build-step
' '
'Building file: ../src/hdmi_example_anim.c'
'Invoking: ARM v7 gcc compiler'
arm-none-eabi-gcc -Wall -O0 -g3 -c -fmessage-length=0 -MT"src/hdmi_example_anim.o" -mcpu=cortex-a9 -mfpu=vfpv3 -mfloat-abi=hard -I../../hdmi_bsp/ps7_cortexa9_0/include -MMD -MP -MF"src/hdmi_example_anim.d" -MT"src/hdmi_example_anim.o" -o "src/hdmi_example_anim.o" "../src/hdmi_example_anim.c"
../src/hdmi_example_anim.c: In function 'main':
../src/hdmi_example_anim.c:27:79: error: 'XPAR_HDMI_AXI_DYNCLK_0_BASEADDR' undeclared (first use in this function); did you mean 'XPAR_AXI_DYNCLK_0_BASEADDR'?
  DisplayInitialize(&dispCtrl, XPAR_AXIVDMA_0_DEVICE_ID, XPAR_VTC_0_DEVICE_ID, XPAR_HDMI_AXI_DYNCLK_0_BASEADDR, pFrames, FRAME_STRIDE);
                                                                               ^~~~~~~~~~~~~~~~~~~~~~~~~~~~~~~
                                                                               XPAR_AXI_DYNCLK_0_BASEADDR
../src/hdmi_example_anim.c:27:79: note: each undeclared identifier is reported only once for each function it appears in
../src/hdmi_example_anim.c:27:112: warning: passing argument 5 of 'DisplayInitialize' from incompatible pointer type [-Wincompatible-pointer-types]
  DisplayInitialize(&dispCtrl, XPAR_AXIVDMA_0_DEVICE_ID, XPAR_VTC_0_DEVICE_ID, XPAR_HDMI_AXI_DYNCLK_0_BASEADDR, pFrames, FRAME_STRIDE);
                                                                                                                ^~~~~~~
In file included from ../src/hdmi_example_anim.c:10:
../src/display_ctrl/display_ctrl.h:101:92: note: expected 'u8 **' {aka 'unsigned char **'} but argument is of type 'void **'
 int DisplayInitialize(DisplayCtrl *dispPtr, XAxiVdma *vdma, u16 vtcId, u32 dynClkAddr, u8 *framePtr[DISPLAY_NUM_FRAMES], u32 stride);
                                                                                        ~~~~^~~~~~~~~~~~~~~~~~~~~~~~~~~~
../src/hdmi_example_anim.c:33:29: error: 'VMODE_1440x900' undeclared (first use in this function); did you mean 'VMODE_1600x900'?
  DisplaySetMode(&dispCtrl, &VMODE_1440x900);
                             ^~~~~~~~~~~~~~
                             VMODE_1600x900
../src/hdmi_example_anim.c:103:4: warning: implicit declaration of function 'DisplayWaitForSync'; did you mean 'DisplaySetMode'? [-Wimplicit-function-declaration]
    DisplayWaitForSync(&dispCtrl);
    ^~~~~~~~~~~~~~~~~~
    DisplaySetMode
make: *** [src/subdir.mk:26: src/hdmi_example_anim.o] Error 1
14:13:54 **** Auto Build of configuration Debug for project hdmi ****
make pre-build main-build 
a9-linaro-pre-build-step
' '
'Building file: ../src/hdmi_example_anim.c'
'Invoking: ARM v7 gcc compiler'
arm-none-eabi-gcc -Wall -O0 -g3 -c -fmessage-length=0 -MT"src/hdmi_example_anim.o" -mcpu=cortex-a9 -mfpu=vfpv3 -mfloat-abi=hard -I../../hdmi_bsp/ps7_cortexa9_0/include -MMD -MP -MF"src/hdmi_example_anim.d" -MT"src/hdmi_example_anim.o" -o "src/hdmi_example_anim.o" "../src/hdmi_example_anim.c"
../src/hdmi_example_anim.c: In function 'main':
../src/hdmi_example_anim.c:27:107: warning: passing argument 5 of 'DisplayInitialize' from incompatible pointer type [-Wincompatible-pointer-types]
  DisplayInitialize(&dispCtrl, XPAR_AXIVDMA_0_DEVICE_ID, XPAR_VTC_0_DEVICE_ID, XPAR_AXI_DYNCLK_0_BASEADDR, pFrames, FRAME_STRIDE);
                                                                                                           ^~~~~~~
In file included from ../src/hdmi_example_anim.c:10:
../src/display_ctrl/display_ctrl.h:101:92: note: expected 'u8 **' {aka 'unsigned char **'} but argument is of type 'void **'
 int DisplayInitialize(DisplayCtrl *dispPtr, XAxiVdma *vdma, u16 vtcId, u32 dynClkAddr, u8 *framePtr[DISPLAY_NUM_FRAMES], u32 stride);
                                                                                        ~~~~^~~~~~~~~~~~~~~~~~~~~~~~~~~~
../src/hdmi_example_anim.c:33:29: error: 'VMODE_1440x900' undeclared (first use in this function); did you mean 'VMODE_1600x900'?
  DisplaySetMode(&dispCtrl, &VMODE_1440x900);
                             ^~~~~~~~~~~~~~
                             VMODE_1600x900
../src/hdmi_example_anim.c:33:29: note: each undeclared identifier is reported only once for each function it appears in
../src/hdmi_example_anim.c:103:4: warning: implicit declaration of function 'DisplayWaitForSync'; did you mean 'DisplaySetMode'? [-Wimplicit-function-declaration]
    DisplayWaitForSync(&dispCtrl);
    ^~~~~~~~~~~~~~~~~~
    DisplaySetMode
make: *** [src/subdir.mk:26: src/hdmi_example_anim.o] Error 1
14:14:24 **** Auto Build of configuration Debug for project hdmi ****
make pre-build main-build 
a9-linaro-pre-build-step
' '
'Building file: ../src/zybo_z7_hdmi/display_ctrl.c'
'Invoking: ARM v7 gcc compiler'
arm-none-eabi-gcc -Wall -O0 -g3 -c -fmessage-length=0 -MT"src/zybo_z7_hdmi/display_ctrl.o" -mcpu=cortex-a9 -mfpu=vfpv3 -mfloat-abi=hard -I../../hdmi_bsp/ps7_cortexa9_0/include -MMD -MP -MF"src/zybo_z7_hdmi/display_ctrl.d" -MT"src/zybo_z7_hdmi/display_ctrl.o" -o "src/zybo_z7_hdmi/display_ctrl.o" "../src/zybo_z7_hdmi/display_ctrl.c"
'Finished building: ../src/zybo_z7_hdmi/display_ctrl.c'
' '
'Building file: ../src/zybo_z7_hdmi/dynclk.c'
'Invoking: ARM v7 gcc compiler'
arm-none-eabi-gcc -Wall -O0 -g3 -c -fmessage-length=0 -MT"src/zybo_z7_hdmi/dynclk.o" -mcpu=cortex-a9 -mfpu=vfpv3 -mfloat-abi=hard -I../../hdmi_bsp/ps7_cortexa9_0/include -MMD -MP -MF"src/zybo_z7_hdmi/dynclk.d" -MT"src/zybo_z7_hdmi/dynclk.o" -o "src/zybo_z7_hdmi/dynclk.o" "../src/zybo_z7_hdmi/dynclk.c"
'Finished building: ../src/zybo_z7_hdmi/dynclk.c'
' '
'Building file: ../src/hdmi_example.c'
'Invoking: ARM v7 gcc compiler'
arm-none-eabi-gcc -Wall -O0 -g3 -c -fmessage-length=0 -MT"src/hdmi_example.o" -mcpu=cortex-a9 -mfpu=vfpv3 -mfloat-abi=hard -I../../hdmi_bsp/ps7_cortexa9_0/include -MMD -MP -MF"src/hdmi_example.d" -MT"src/hdmi_example.o" -o "src/hdmi_example.o" "../src/hdmi_example.c"
../src/hdmi_example.c: In function 'main':
../src/hdmi_example.c:27:79: error: 'XPAR_HDMI_AXI_DYNCLK_0_BASEADDR' undeclared (first use in this function); did you mean 'XPAR_AXI_DYNCLK_0_BASEADDR'?
  DisplayInitialize(&dispCtrl, XPAR_AXIVDMA_0_DEVICE_ID, XPAR_VTC_0_DEVICE_ID, XPAR_HDMI_AXI_DYNCLK_0_BASEADDR, pFrames, FRAME_STRIDE);
                                                                               ^~~~~~~~~~~~~~~~~~~~~~~~~~~~~~~
                                                                               XPAR_AXI_DYNCLK_0_BASEADDR
../src/hdmi_example.c:27:79: note: each undeclared identifier is reported only once for each function it appears in
make: *** [src/subdir.mk:29: src/hdmi_example.o] Error 1
14:14:47 **** Auto Build of configuration Debug for project hdmi ****
make pre-build main-build 
a9-linaro-pre-build-step
' '
'Building file: ../src/hdmi_example.c'
'Invoking: ARM v7 gcc compiler'
arm-none-eabi-gcc -Wall -O0 -g3 -c -fmessage-length=0 -MT"src/hdmi_example.o" -mcpu=cortex-a9 -mfpu=vfpv3 -mfloat-abi=hard -I../../hdmi_bsp/ps7_cortexa9_0/include -MMD -MP -MF"src/hdmi_example.d" -MT"src/hdmi_example.o" -o "src/hdmi_example.o" "../src/hdmi_example.c"
../src/hdmi_example.c: In function 'main':
../src/hdmi_example.c:27:79: error: 'XPAR_HDMI_AXI_DYNCLK_0_BASEADDR' undeclared (first use in this function); did you mean 'XPAR_AXI_DYNCLK_0_BASEADDR'?
  DisplayInitialize(&dispCtrl, XPAR_AXIVDMA_0_DEVICE_ID, XPAR_VTC_0_DEVICE_ID, XPAR_HDMI_AXI_DYNCLK_0_BASEADDR, pFrames, FRAME_STRIDE);
                                                                               ^~~~~~~~~~~~~~~~~~~~~~~~~~~~~~~
                                                                               XPAR_AXI_DYNCLK_0_BASEADDR
../src/hdmi_example.c:27:79: note: each undeclared identifier is reported only once for each function it appears in
make: *** [src/subdir.mk:29: src/hdmi_example.o] Error 1
14:14:57 **** Auto Build of configuration Debug for project hdmi ****
make pre-build main-build 
a9-linaro-pre-build-step
' '
'Building file: ../src/hdmi_example.c'
'Invoking: ARM v7 gcc compiler'
arm-none-eabi-gcc -Wall -O0 -g3 -c -fmessage-length=0 -MT"src/hdmi_example.o" -mcpu=cortex-a9 -mfpu=vfpv3 -mfloat-abi=hard -I../../hdmi_bsp/ps7_cortexa9_0/include -MMD -MP -MF"src/hdmi_example.d" -MT"src/hdmi_example.o" -o "src/hdmi_example.o" "../src/hdmi_example.c"
../src/hdmi_example.c: In function 'main1':
../src/hdmi_example.c:27:79: error: 'XPAR_HDMI_AXI_DYNCLK_0_BASEADDR' undeclared (first use in this function); did you mean 'XPAR_AXI_DYNCLK_0_BASEADDR'?
  DisplayInitialize(&dispCtrl, XPAR_AXIVDMA_0_DEVICE_ID, XPAR_VTC_0_DEVICE_ID, XPAR_HDMI_AXI_DYNCLK_0_BASEADDR, pFrames, FRAME_STRIDE);
                                                                               ^~~~~~~~~~~~~~~~~~~~~~~~~~~~~~~
                                                                               XPAR_AXI_DYNCLK_0_BASEADDR
../src/hdmi_example.c:27:79: note: each undeclared identifier is reported only once for each function it appears in
make: *** [src/subdir.mk:29: src/hdmi_example.o] Error 1
14:15:07 **** Clean-only build of configuration Debug for project hdmi ****
make clean 
rm -rf  ./src/zybo_z7_hdmi/display_ctrl.o ./src/zybo_z7_hdmi/dynclk.o  ./src/video_capture/video_capture.o  ./src/timer_ps/timer_ps.o  ./src/intc/intc.o  ./src/dynclk/dynclk.o  ./src/display_ctrl/display_ctrl.o  ./src/hdmi_example.o ./src/hdmi_example_anim.o ./src/video_demo.o  ./hdmi_example_anim.o  ./src/zybo_z7_hdmi/display_ctrl.d ./src/zybo_z7_hdmi/dynclk.d  ./src/video_capture/video_capture.d  ./src/timer_ps/timer_ps.d  ./src/intc/intc.d  ./src/dynclk/dynclk.d  ./src/display_ctrl/display_ctrl.d  ./src/hdmi_example.d ./src/hdmi_example_anim.d ./src/video_demo.d  ./hdmi_example_anim.d  hdmi.elf.size  hdmi.elf
' '
14:15:08 **** Auto Build of configuration Debug for project hdmi ****
make pre-build main-build 
a9-linaro-pre-build-step
' '
'Building file: ../src/zybo_z7_hdmi/display_ctrl.c'
'Invoking: ARM v7 gcc compiler'
arm-none-eabi-gcc -Wall -O0 -g3 -c -fmessage-length=0 -MT"src/zybo_z7_hdmi/display_ctrl.o" -mcpu=cortex-a9 -mfpu=vfpv3 -mfloat-abi=hard -I../../hdmi_bsp/ps7_cortexa9_0/include -MMD -MP -MF"src/zybo_z7_hdmi/display_ctrl.d" -MT"src/zybo_z7_hdmi/display_ctrl.o" -o "src/zybo_z7_hdmi/display_ctrl.o" "../src/zybo_z7_hdmi/display_ctrl.c"
'Finished building: ../src/zybo_z7_hdmi/display_ctrl.c'
' '
'Building file: ../src/zybo_z7_hdmi/dynclk.c'
'Invoking: ARM v7 gcc compiler'
arm-none-eabi-gcc -Wall -O0 -g3 -c -fmessage-length=0 -MT"src/zybo_z7_hdmi/dynclk.o" -mcpu=cortex-a9 -mfpu=vfpv3 -mfloat-abi=hard -I../../hdmi_bsp/ps7_cortexa9_0/include -MMD -MP -MF"src/zybo_z7_hdmi/dynclk.d" -MT"src/zybo_z7_hdmi/dynclk.o" -o "src/zybo_z7_hdmi/dynclk.o" "../src/zybo_z7_hdmi/dynclk.c"
'Finished building: ../src/zybo_z7_hdmi/dynclk.c'
' '
'Building file: ../src/video_capture/video_capture.c'
'Invoking: ARM v7 gcc compiler'
arm-none-eabi-gcc -Wall -O0 -g3 -c -fmessage-length=0 -MT"src/video_capture/video_capture.o" -mcpu=cortex-a9 -mfpu=vfpv3 -mfloat-abi=hard -I../../hdmi_bsp/ps7_cortexa9_0/include -MMD -MP -MF"src/video_capture/video_capture.d" -MT"src/video_capture/video_capture.o" -o "src/video_capture/video_capture.o" "../src/video_capture/video_capture.c"
'Finished building: ../src/video_capture/video_capture.c'
' '
'Building file: ../src/timer_ps/timer_ps.c'
'Invoking: ARM v7 gcc compiler'
arm-none-eabi-gcc -Wall -O0 -g3 -c -fmessage-length=0 -MT"src/timer_ps/timer_ps.o" -mcpu=cortex-a9 -mfpu=vfpv3 -mfloat-abi=hard -I../../hdmi_bsp/ps7_cortexa9_0/include -MMD -MP -MF"src/timer_ps/timer_ps.d" -MT"src/timer_ps/timer_ps.o" -o "src/timer_ps/timer_ps.o" "../src/timer_ps/timer_ps.c"
'Finished building: ../src/timer_ps/timer_ps.c'
' '
'Building file: ../src/intc/intc.c'
'Invoking: ARM v7 gcc compiler'
arm-none-eabi-gcc -Wall -O0 -g3 -c -fmessage-length=0 -MT"src/intc/intc.o" -mcpu=cortex-a9 -mfpu=vfpv3 -mfloat-abi=hard -I../../hdmi_bsp/ps7_cortexa9_0/include -MMD -MP -MF"src/intc/intc.d" -MT"src/intc/intc.o" -o "src/intc/intc.o" "../src/intc/intc.c"
'Finished building: ../src/intc/intc.c'
' '
'Building file: ../src/dynclk/dynclk.c'
'Invoking: ARM v7 gcc compiler'
arm-none-eabi-gcc -Wall -O0 -g3 -c -fmessage-length=0 -MT"src/dynclk/dynclk.o" -mcpu=cortex-a9 -mfpu=vfpv3 -mfloat-abi=hard -I../../hdmi_bsp/ps7_cortexa9_0/include -MMD -MP -MF"src/dynclk/dynclk.d" -MT"src/dynclk/dynclk.o" -o "src/dynclk/dynclk.o" "../src/dynclk/dynclk.c"
'Finished building: ../src/dynclk/dynclk.c'
' '
'Building file: ../src/display_ctrl/display_ctrl.c'
'Invoking: ARM v7 gcc compiler'
arm-none-eabi-gcc -Wall -O0 -g3 -c -fmessage-length=0 -MT"src/display_ctrl/display_ctrl.o" -mcpu=cortex-a9 -mfpu=vfpv3 -mfloat-abi=hard -I../../hdmi_bsp/ps7_cortexa9_0/include -MMD -MP -MF"src/display_ctrl/display_ctrl.d" -MT"src/display_ctrl/display_ctrl.o" -o "src/display_ctrl/display_ctrl.o" "../src/display_ctrl/display_ctrl.c"
'Finished building: ../src/display_ctrl/display_ctrl.c'
' '
'Building file: ../src/hdmi_example_anim.c'
'Invoking: ARM v7 gcc compiler'
arm-none-eabi-gcc -Wall -O0 -g3 -c -fmessage-length=0 -MT"src/hdmi_example_anim.o" -mcpu=cortex-a9 -mfpu=vfpv3 -mfloat-abi=hard -I../../hdmi_bsp/ps7_cortexa9_0/include -MMD -MP -MF"src/hdmi_example_anim.d" -MT"src/hdmi_example_anim.o" -o "src/hdmi_example_anim.o" "../src/hdmi_example_anim.c"
../src/hdmi_example_anim.c: In function 'main':
../src/hdmi_example_anim.c:27:79: error: 'XPAR_HDMI_AXI_DYNCLK_0_BASEADDR' undeclared (first use in this function); did you mean 'XPAR_AXI_DYNCLK_0_BASEADDR'?
  DisplayInitialize(&dispCtrl, XPAR_AXIVDMA_0_DEVICE_ID, XPAR_VTC_0_DEVICE_ID, XPAR_HDMI_AXI_DYNCLK_0_BASEADDR, pFrames, FRAME_STRIDE);
                                                                               ^~~~~~~~~~~~~~~~~~~~~~~~~~~~~~~
                                                                               XPAR_AXI_DYNCLK_0_BASEADDR
../src/hdmi_example_anim.c:27:79: note: each undeclared identifier is reported only once for each function it appears in
make: *** [src/subdir.mk:26: src/hdmi_example_anim.o] Error 1
14:15:31 **** Auto Build of configuration Debug for project hdmi ****
make pre-build main-build 
a9-linaro-pre-build-step
' '
'Building file: ../src/hdmi_example_anim.c'
'Invoking: ARM v7 gcc compiler'
arm-none-eabi-gcc -Wall -O0 -g3 -c -fmessage-length=0 -MT"src/hdmi_example_anim.o" -mcpu=cortex-a9 -mfpu=vfpv3 -mfloat-abi=hard -I../../hdmi_bsp/ps7_cortexa9_0/include -MMD -MP -MF"src/hdmi_example_anim.d" -MT"src/hdmi_example_anim.o" -o "src/hdmi_example_anim.o" "../src/hdmi_example_anim.c"
'Finished building: ../src/hdmi_example_anim.c'
' '
'Building file: ../src/video_demo.c'
'Invoking: ARM v7 gcc compiler'
arm-none-eabi-gcc -Wall -O0 -g3 -c -fmessage-length=0 -MT"src/video_demo.o" -mcpu=cortex-a9 -mfpu=vfpv3 -mfloat-abi=hard -I../../hdmi_bsp/ps7_cortexa9_0/include -MMD -MP -MF"src/video_demo.d" -MT"src/video_demo.o" -o "src/video_demo.o" "../src/video_demo.c"
'Finished building: ../src/video_demo.c'
' '
make: *** No rule to make target 'hdmi_example_anim.o', needed by 'hdmi.elf'.  Stop.
14:16:06 **** Incremental Build of configuration Debug for project hdmi ****
make pre-build main-build 
a9-linaro-pre-build-step
' '
make: *** No rule to make target 'hdmi_example_anim.o', needed by 'hdmi.elf'.  Stop.
14:18:09 **** Incremental Build of configuration Debug for project hdmi ****
make pre-build main-build 
a9-linaro-pre-build-step
' '
make: *** No rule to make target 'hdmi_example_anim.o', needed by 'hdmi.elf'.  Stop.
14:18:38 **** Incremental Build of configuration Debug for project hdmi ****
make pre-build main-build 
a9-linaro-pre-build-step
' '
make: *** No rule to make target 'hdmi_example_anim.o', needed by 'hdmi.elf'.  Stop.
14:19:51 **** Build of project invader_moving_bsp ****
make -k all 
"Running Make include in ps7_cortexa9_0/libsrc/axivdma_v6_6/src"
make -C ps7_cortexa9_0/libsrc/axivdma_v6_6/src -s include  "SHELL=CMD" "COMPILER=arm-none-eabi-gcc" "ARCHIVER=arm-none-eabi-ar" "COMPILER_FLAGS=  -O2 -c" "EXTRA_COMPILER_FLAGS=-mcpu=cortex-a9 -mfpu=vfpv3 -mfloat-abi=hard -nostartfiles -g -Wall -Wextra"
"Running Make include in ps7_cortexa9_0/libsrc/coresightps_dcc_v1_5/src"
make -C ps7_cortexa9_0/libsrc/coresightps_dcc_v1_5/src -s include  "SHELL=CMD" "COMPILER=arm-none-eabi-gcc" "ARCHIVER=arm-none-eabi-ar" "COMPILER_FLAGS=  -O2 -c" "EXTRA_COMPILER_FLAGS=-mcpu=cortex-a9 -mfpu=vfpv3 -mfloat-abi=hard -nostartfiles -g -Wall -Wextra"
"Running Make include in ps7_cortexa9_0/libsrc/cpu_cortexa9_v2_7/src"
make -C ps7_cortexa9_0/libsrc/cpu_cortexa9_v2_7/src -s include  "SHELL=CMD" "COMPILER=arm-none-eabi-gcc" "ARCHIVER=arm-none-eabi-ar" "COMPILER_FLAGS=  -O2 -c" "EXTRA_COMPILER_FLAGS=-mcpu=cortex-a9 -mfpu=vfpv3 -mfloat-abi=hard -nostartfiles -g -Wall -Wextra"
"Running Make include in ps7_cortexa9_0/libsrc/ddrps_v1_0/src"
make -C ps7_cortexa9_0/libsrc/ddrps_v1_0/src -s include  "SHELL=CMD" "COMPILER=arm-none-eabi-gcc" "ARCHIVER=arm-none-eabi-ar" "COMPILER_FLAGS=  -O2 -c" "EXTRA_COMPILER_FLAGS=-mcpu=cortex-a9 -mfpu=vfpv3 -mfloat-abi=hard -nostartfiles -g -Wall -Wextra"
"Running Make include in ps7_cortexa9_0/libsrc/devcfg_v3_5/src"
make -C ps7_cortexa9_0/libsrc/devcfg_v3_5/src -s include  "SHELL=CMD" "COMPILER=arm-none-eabi-gcc" "ARCHIVER=arm-none-eabi-ar" "COMPILER_FLAGS=  -O2 -c" "EXTRA_COMPILER_FLAGS=-mcpu=cortex-a9 -mfpu=vfpv3 -mfloat-abi=hard -nostartfiles -g -Wall -Wextra"
"Running Make include in ps7_cortexa9_0/libsrc/dmaps_v2_4/src"
make -C ps7_cortexa9_0/libsrc/dmaps_v2_4/src -s include  "SHELL=CMD" "COMPILER=arm-none-eabi-gcc" "ARCHIVER=arm-none-eabi-ar" "COMPILER_FLAGS=  -O2 -c" "EXTRA_COMPILER_FLAGS=-mcpu=cortex-a9 -mfpu=vfpv3 -mfloat-abi=hard -nostartfiles -g -Wall -Wextra"
"Running Make include in ps7_cortexa9_0/libsrc/emacps_v3_9/src"
make -C ps7_cortexa9_0/libsrc/emacps_v3_9/src -s include  "SHELL=CMD" "COMPILER=arm-none-eabi-gcc" "ARCHIVER=arm-none-eabi-ar" "COMPILER_FLAGS=  -O2 -c" "EXTRA_COMPILER_FLAGS=-mcpu=cortex-a9 -mfpu=vfpv3 -mfloat-abi=hard -nostartfiles -g -Wall -Wextra"
"Running Make include in ps7_cortexa9_0/libsrc/gpiops_v3_5/src"
make -C ps7_cortexa9_0/libsrc/gpiops_v3_5/src -s include  "SHELL=CMD" "COMPILER=arm-none-eabi-gcc" "ARCHIVER=arm-none-eabi-ar" "COMPILER_FLAGS=  -O2 -c" "EXTRA_COMPILER_FLAGS=-mcpu=cortex-a9 -mfpu=vfpv3 -mfloat-abi=hard -nostartfiles -g -Wall -Wextra"
"Running Make include in ps7_cortexa9_0/libsrc/gpio_v4_4/src"
make -C ps7_cortexa9_0/libsrc/gpio_v4_4/src -s include  "SHELL=CMD" "COMPILER=arm-none-eabi-gcc" "ARCHIVER=arm-none-eabi-ar" "COMPILER_FLAGS=  -O2 -c" "EXTRA_COMPILER_FLAGS=-mcpu=cortex-a9 -mfpu=vfpv3 -mfloat-abi=hard -nostartfiles -g -Wall -Wextra"
"Running Make include in ps7_cortexa9_0/libsrc/iicps_v3_9/src"
make -C ps7_cortexa9_0/libsrc/iicps_v3_9/src -s include  "SHELL=CMD" "COMPILER=arm-none-eabi-gcc" "ARCHIVER=arm-none-eabi-ar" "COMPILER_FLAGS=  -O2 -c" "EXTRA_COMPILER_FLAGS=-mcpu=cortex-a9 -mfpu=vfpv3 -mfloat-abi=hard -nostartfiles -g -Wall -Wextra"
"Running Make include in ps7_cortexa9_0/libsrc/qspips_v3_6/src"
make -C ps7_cortexa9_0/libsrc/qspips_v3_6/src -s include  "SHELL=CMD" "COMPILER=arm-none-eabi-gcc" "ARCHIVER=arm-none-eabi-ar" "COMPILER_FLAGS=  -O2 -c" "EXTRA_COMPILER_FLAGS=-mcpu=cortex-a9 -mfpu=vfpv3 -mfloat-abi=hard -nostartfiles -g -Wall -Wextra"
"Running Make include in ps7_cortexa9_0/libsrc/scugic_v4_0/src"
make -C ps7_cortexa9_0/libsrc/scugic_v4_0/src -s include  "SHELL=CMD" "COMPILER=arm-none-eabi-gcc" "ARCHIVER=arm-none-eabi-ar" "COMPILER_FLAGS=  -O2 -c" "EXTRA_COMPILER_FLAGS=-mcpu=cortex-a9 -mfpu=vfpv3 -mfloat-abi=hard -nostartfiles -g -Wall -Wextra"
"Running Make include in ps7_cortexa9_0/libsrc/scutimer_v2_1/src"
make -C ps7_cortexa9_0/libsrc/scutimer_v2_1/src -s include  "SHELL=CMD" "COMPILER=arm-none-eabi-gcc" "ARCHIVER=arm-none-eabi-ar" "COMPILER_FLAGS=  -O2 -c" "EXTRA_COMPILER_FLAGS=-mcpu=cortex-a9 -mfpu=vfpv3 -mfloat-abi=hard -nostartfiles -g -Wall -Wextra"
"Running Make include in ps7_cortexa9_0/libsrc/scuwdt_v2_1/src"
make -C ps7_cortexa9_0/libsrc/scuwdt_v2_1/src -s include  "SHELL=CMD" "COMPILER=arm-none-eabi-gcc" "ARCHIVER=arm-none-eabi-ar" "COMPILER_FLAGS=  -O2 -c" "EXTRA_COMPILER_FLAGS=-mcpu=cortex-a9 -mfpu=vfpv3 -mfloat-abi=hard -nostartfiles -g -Wall -Wextra"
"Running Make include in ps7_cortexa9_0/libsrc/sdps_v3_7/src"
make -C ps7_cortexa9_0/libsrc/sdps_v3_7/src -s include  "SHELL=CMD" "COMPILER=arm-none-eabi-gcc" "ARCHIVER=arm-none-eabi-ar" "COMPILER_FLAGS=  -O2 -c" "EXTRA_COMPILER_FLAGS=-mcpu=cortex-a9 -mfpu=vfpv3 -mfloat-abi=hard -nostartfiles -g -Wall -Wextra"
"Running Make include in ps7_cortexa9_0/libsrc/standalone_v7_0/src"
make -C ps7_cortexa9_0/libsrc/standalone_v7_0/src -s include  "SHELL=CMD" "COMPILER=arm-none-eabi-gcc" "ARCHIVER=arm-none-eabi-ar" "COMPILER_FLAGS=  -O2 -c" "EXTRA_COMPILER_FLAGS=-mcpu=cortex-a9 -mfpu=vfpv3 -mfloat-abi=hard -nostartfiles -g -Wall -Wextra"
"Running Make include in ps7_cortexa9_0/libsrc/uartps_v3_7/src"
make -C ps7_cortexa9_0/libsrc/uartps_v3_7/src -s include  "SHELL=CMD" "COMPILER=arm-none-eabi-gcc" "ARCHIVER=arm-none-eabi-ar" "COMPILER_FLAGS=  -O2 -c" "EXTRA_COMPILER_FLAGS=-mcpu=cortex-a9 -mfpu=vfpv3 -mfloat-abi=hard -nostartfiles -g -Wall -Wextra"
"Running Make include in ps7_cortexa9_0/libsrc/usbps_v2_4/src"
make -C ps7_cortexa9_0/libsrc/usbps_v2_4/src -s include  "SHELL=CMD" "COMPILER=arm-none-eabi-gcc" "ARCHIVER=arm-none-eabi-ar" "COMPILER_FLAGS=  -O2 -c" "EXTRA_COMPILER_FLAGS=-mcpu=cortex-a9 -mfpu=vfpv3 -mfloat-abi=hard -nostartfiles -g -Wall -Wextra"
"Running Make include in ps7_cortexa9_0/libsrc/vtc_v8_0/src"
make -C ps7_cortexa9_0/libsrc/vtc_v8_0/src -s include  "SHELL=CMD" "COMPILER=arm-none-eabi-gcc" "ARCHIVER=arm-none-eabi-ar" "COMPILER_FLAGS=  -O2 -c" "EXTRA_COMPILER_FLAGS=-mcpu=cortex-a9 -mfpu=vfpv3 -mfloat-abi=hard -nostartfiles -g -Wall -Wextra"
"Running Make include in ps7_cortexa9_0/libsrc/xadcps_v2_3/src"
make -C ps7_cortexa9_0/libsrc/xadcps_v2_3/src -s include  "SHELL=CMD" "COMPILER=arm-none-eabi-gcc" "ARCHIVER=arm-none-eabi-ar" "COMPILER_FLAGS=  -O2 -c" "EXTRA_COMPILER_FLAGS=-mcpu=cortex-a9 -mfpu=vfpv3 -mfloat-abi=hard -nostartfiles -g -Wall -Wextra"
"Running Make libs in ps7_cortexa9_0/libsrc/axivdma_v6_6/src"
make -C ps7_cortexa9_0/libsrc/axivdma_v6_6/src -s libs  "SHELL=CMD" "COMPILER=arm-none-eabi-gcc" "ARCHIVER=arm-none-eabi-ar" "COMPILER_FLAGS=  -O2 -c" "EXTRA_COMPILER_FLAGS=-mcpu=cortex-a9 -mfpu=vfpv3 -mfloat-abi=hard -nostartfiles -g -Wall -Wextra"
"Compiling axivdma"
arm-none-eabi-ar: creating ../../../lib/libxil.a
"Running Make libs in ps7_cortexa9_0/libsrc/coresightps_dcc_v1_5/src"
make -C ps7_cortexa9_0/libsrc/coresightps_dcc_v1_5/src -s libs  "SHELL=CMD" "COMPILER=arm-none-eabi-gcc" "ARCHIVER=arm-none-eabi-ar" "COMPILER_FLAGS=  -O2 -c" "EXTRA_COMPILER_FLAGS=-mcpu=cortex-a9 -mfpu=vfpv3 -mfloat-abi=hard -nostartfiles -g -Wall -Wextra"
"Compiling coresightps_dcc"
"Running Make libs in ps7_cortexa9_0/libsrc/cpu_cortexa9_v2_7/src"
make -C ps7_cortexa9_0/libsrc/cpu_cortexa9_v2_7/src -s libs  "SHELL=CMD" "COMPILER=arm-none-eabi-gcc" "ARCHIVER=arm-none-eabi-ar" "COMPILER_FLAGS=  -O2 -c" "EXTRA_COMPILER_FLAGS=-mcpu=cortex-a9 -mfpu=vfpv3 -mfloat-abi=hard -nostartfiles -g -Wall -Wextra"
"Compiling cpu_cortexa9"
"Running Make libs in ps7_cortexa9_0/libsrc/ddrps_v1_0/src"
make -C ps7_cortexa9_0/libsrc/ddrps_v1_0/src -s libs  "SHELL=CMD" "COMPILER=arm-none-eabi-gcc" "ARCHIVER=arm-none-eabi-ar" "COMPILER_FLAGS=  -O2 -c" "EXTRA_COMPILER_FLAGS=-mcpu=cortex-a9 -mfpu=vfpv3 -mfloat-abi=hard -nostartfiles -g -Wall -Wextra"
"Compiling ddrps"
"Running Make libs in ps7_cortexa9_0/libsrc/devcfg_v3_5/src"
make -C ps7_cortexa9_0/libsrc/devcfg_v3_5/src -s libs  "SHELL=CMD" "COMPILER=arm-none-eabi-gcc" "ARCHIVER=arm-none-eabi-ar" "COMPILER_FLAGS=  -O2 -c" "EXTRA_COMPILER_FLAGS=-mcpu=cortex-a9 -mfpu=vfpv3 -mfloat-abi=hard -nostartfiles -g -Wall -Wextra"
"Compiling devcfg"
"Running Make libs in ps7_cortexa9_0/libsrc/dmaps_v2_4/src"
make -C ps7_cortexa9_0/libsrc/dmaps_v2_4/src -s libs  "SHELL=CMD" "COMPILER=arm-none-eabi-gcc" "ARCHIVER=arm-none-eabi-ar" "COMPILER_FLAGS=  -O2 -c" "EXTRA_COMPILER_FLAGS=-mcpu=cortex-a9 -mfpu=vfpv3 -mfloat-abi=hard -nostartfiles -g -Wall -Wextra"
"Compiling dmaps"
"Running Make libs in ps7_cortexa9_0/libsrc/emacps_v3_9/src"
make -C ps7_cortexa9_0/libsrc/emacps_v3_9/src -s libs  "SHELL=CMD" "COMPILER=arm-none-eabi-gcc" "ARCHIVER=arm-none-eabi-ar" "COMPILER_FLAGS=  -O2 -c" "EXTRA_COMPILER_FLAGS=-mcpu=cortex-a9 -mfpu=vfpv3 -mfloat-abi=hard -nostartfiles -g -Wall -Wextra"
"Compiling emacps"
"Running Make libs in ps7_cortexa9_0/libsrc/gpiops_v3_5/src"
make -C ps7_cortexa9_0/libsrc/gpiops_v3_5/src -s libs  "SHELL=CMD" "COMPILER=arm-none-eabi-gcc" "ARCHIVER=arm-none-eabi-ar" "COMPILER_FLAGS=  -O2 -c" "EXTRA_COMPILER_FLAGS=-mcpu=cortex-a9 -mfpu=vfpv3 -mfloat-abi=hard -nostartfiles -g -Wall -Wextra"
"Compiling gpiops"
"Running Make libs in ps7_cortexa9_0/libsrc/gpio_v4_4/src"
make -C ps7_cortexa9_0/libsrc/gpio_v4_4/src -s libs  "SHELL=CMD" "COMPILER=arm-none-eabi-gcc" "ARCHIVER=arm-none-eabi-ar" "COMPILER_FLAGS=  -O2 -c" "EXTRA_COMPILER_FLAGS=-mcpu=cortex-a9 -mfpu=vfpv3 -mfloat-abi=hard -nostartfiles -g -Wall -Wextra"
"Compiling gpio"
"Running Make libs in ps7_cortexa9_0/libsrc/iicps_v3_9/src"
make -C ps7_cortexa9_0/libsrc/iicps_v3_9/src -s libs  "SHELL=CMD" "COMPILER=arm-none-eabi-gcc" "ARCHIVER=arm-none-eabi-ar" "COMPILER_FLAGS=  -O2 -c" "EXTRA_COMPILER_FLAGS=-mcpu=cortex-a9 -mfpu=vfpv3 -mfloat-abi=hard -nostartfiles -g -Wall -Wextra"
"Compiling iicps"
"Running Make libs in ps7_cortexa9_0/libsrc/qspips_v3_6/src"
make -C ps7_cortexa9_0/libsrc/qspips_v3_6/src -s libs  "SHELL=CMD" "COMPILER=arm-none-eabi-gcc" "ARCHIVER=arm-none-eabi-ar" "COMPILER_FLAGS=  -O2 -c" "EXTRA_COMPILER_FLAGS=-mcpu=cortex-a9 -mfpu=vfpv3 -mfloat-abi=hard -nostartfiles -g -Wall -Wextra"
"Compiling qspips"
"Running Make libs in ps7_cortexa9_0/libsrc/scugic_v4_0/src"
make -C ps7_cortexa9_0/libsrc/scugic_v4_0/src -s libs  "SHELL=CMD" "COMPILER=arm-none-eabi-gcc" "ARCHIVER=arm-none-eabi-ar" "COMPILER_FLAGS=  -O2 -c" "EXTRA_COMPILER_FLAGS=-mcpu=cortex-a9 -mfpu=vfpv3 -mfloat-abi=hard -nostartfiles -g -Wall -Wextra"
"Compiling scugic"
"Running Make libs in ps7_cortexa9_0/libsrc/scutimer_v2_1/src"
make -C ps7_cortexa9_0/libsrc/scutimer_v2_1/src -s libs  "SHELL=CMD" "COMPILER=arm-none-eabi-gcc" "ARCHIVER=arm-none-eabi-ar" "COMPILER_FLAGS=  -O2 -c" "EXTRA_COMPILER_FLAGS=-mcpu=cortex-a9 -mfpu=vfpv3 -mfloat-abi=hard -nostartfiles -g -Wall -Wextra"
"Compiling scutimer"
"Running Make libs in ps7_cortexa9_0/libsrc/scuwdt_v2_1/src"
make -C ps7_cortexa9_0/libsrc/scuwdt_v2_1/src -s libs  "SHELL=CMD" "COMPILER=arm-none-eabi-gcc" "ARCHIVER=arm-none-eabi-ar" "COMPILER_FLAGS=  -O2 -c" "EXTRA_COMPILER_FLAGS=-mcpu=cortex-a9 -mfpu=vfpv3 -mfloat-abi=hard -nostartfiles -g -Wall -Wextra"
"Compiling scuwdt"
"Running Make libs in ps7_cortexa9_0/libsrc/sdps_v3_7/src"
make -C ps7_cortexa9_0/libsrc/sdps_v3_7/src -s libs  "SHELL=CMD" "COMPILER=arm-none-eabi-gcc" "ARCHIVER=arm-none-eabi-ar" "COMPILER_FLAGS=  -O2 -c" "EXTRA_COMPILER_FLAGS=-mcpu=cortex-a9 -mfpu=vfpv3 -mfloat-abi=hard -nostartfiles -g -Wall -Wextra"
"Compiling sdps"
"Running Make libs in ps7_cortexa9_0/libsrc/standalone_v7_0/src"
make -C ps7_cortexa9_0/libsrc/standalone_v7_0/src -s libs  "SHELL=CMD" "COMPILER=arm-none-eabi-gcc" "ARCHIVER=arm-none-eabi-ar" "COMPILER_FLAGS=  -O2 -c" "EXTRA_COMPILER_FLAGS=-mcpu=cortex-a9 -mfpu=vfpv3 -mfloat-abi=hard -nostartfiles -g -Wall -Wextra"
"Compiling standalone"
In file included from usleep.c:56:
xtime_l.h:87:9: note: #pragma message: For the sleep routines, Global timer is being used
 #pragma message ("For the sleep routines, Global timer is being used")
         ^~~~~~~
In file included from xil_sleeptimer.c:51:
xtime_l.h:87:9: note: #pragma message: For the sleep routines, Global timer is being used
 #pragma message ("For the sleep routines, Global timer is being used")
         ^~~~~~~
In file included from xtime_l.c:49:
xtime_l.h:87:9: note: #pragma message: For the sleep routines, Global timer is being used
 #pragma message ("For the sleep routines, Global timer is being used")
         ^~~~~~~
In file included from sleep.c:53:
xtime_l.h:87:9: note: #pragma message: For the sleep routines, Global timer is being used
 #pragma message ("For the sleep routines, Global timer is being used")
         ^~~~~~~
"Running Make libs in ps7_cortexa9_0/libsrc/uartps_v3_7/src"
make -C ps7_cortexa9_0/libsrc/uartps_v3_7/src -s libs  "SHELL=CMD" "COMPILER=arm-none-eabi-gcc" "ARCHIVER=arm-none-eabi-ar" "COMPILER_FLAGS=  -O2 -c" "EXTRA_COMPILER_FLAGS=-mcpu=cortex-a9 -mfpu=vfpv3 -mfloat-abi=hard -nostartfiles -g -Wall -Wextra"
"Compiling uartps"
"Running Make libs in ps7_cortexa9_0/libsrc/usbps_v2_4/src"
make -C ps7_cortexa9_0/libsrc/usbps_v2_4/src -s libs  "SHELL=CMD" "COMPILER=arm-none-eabi-gcc" "ARCHIVER=arm-none-eabi-ar" "COMPILER_FLAGS=  -O2 -c" "EXTRA_COMPILER_FLAGS=-mcpu=cortex-a9 -mfpu=vfpv3 -mfloat-abi=hard -nostartfiles -g -Wall -Wextra"
"Compiling usbps"
"Running Make libs in ps7_cortexa9_0/libsrc/vtc_v8_0/src"
make -C ps7_cortexa9_0/libsrc/vtc_v8_0/src -s libs  "SHELL=CMD" "COMPILER=arm-none-eabi-gcc" "ARCHIVER=arm-none-eabi-ar" "COMPILER_FLAGS=  -O2 -c" "EXTRA_COMPILER_FLAGS=-mcpu=cortex-a9 -mfpu=vfpv3 -mfloat-abi=hard -nostartfiles -g -Wall -Wextra"
"Compiling video timing controller"
"Running Make libs in ps7_cortexa9_0/libsrc/xadcps_v2_3/src"
make -C ps7_cortexa9_0/libsrc/xadcps_v2_3/src -s libs  "SHELL=CMD" "COMPILER=arm-none-eabi-gcc" "ARCHIVER=arm-none-eabi-ar" "COMPILER_FLAGS=  -O2 -c" "EXTRA_COMPILER_FLAGS=-mcpu=cortex-a9 -mfpu=vfpv3 -mfloat-abi=hard -nostartfiles -g -Wall -Wextra"
"Compiling xadcps"
'Finished building libraries'

**** Build of configuration Debug for project invader_moving ****

Nothing to build for project invader_moving
14:21:00 **** Auto Build of configuration Debug for project invader_moving ****
make pre-build main-build 
a9-linaro-pre-build-step
' '
'Building file: ../src/video_capture/video_capture.c'
'Invoking: ARM v7 gcc compiler'
arm-none-eabi-gcc -Wall -O0 -g3 -c -fmessage-length=0 -MT"src/video_capture/video_capture.o" -mcpu=cortex-a9 -mfpu=vfpv3 -mfloat-abi=hard -I../../invader_moving_bsp/ps7_cortexa9_0/include -MMD -MP -MF"src/video_capture/video_capture.d" -MT"src/video_capture/video_capture.o" -o "src/video_capture/video_capture.o" "../src/video_capture/video_capture.c"
'Finished building: ../src/video_capture/video_capture.c'
' '
'Building file: ../src/timer_ps/timer_ps.c'
'Invoking: ARM v7 gcc compiler'
arm-none-eabi-gcc -Wall -O0 -g3 -c -fmessage-length=0 -MT"src/timer_ps/timer_ps.o" -mcpu=cortex-a9 -mfpu=vfpv3 -mfloat-abi=hard -I../../invader_moving_bsp/ps7_cortexa9_0/include -MMD -MP -MF"src/timer_ps/timer_ps.d" -MT"src/timer_ps/timer_ps.o" -o "src/timer_ps/timer_ps.o" "../src/timer_ps/timer_ps.c"
'Finished building: ../src/timer_ps/timer_ps.c'
' '
'Building file: ../src/intc/intc.c'
'Invoking: ARM v7 gcc compiler'
arm-none-eabi-gcc -Wall -O0 -g3 -c -fmessage-length=0 -MT"src/intc/intc.o" -mcpu=cortex-a9 -mfpu=vfpv3 -mfloat-abi=hard -I../../invader_moving_bsp/ps7_cortexa9_0/include -MMD -MP -MF"src/intc/intc.d" -MT"src/intc/intc.o" -o "src/intc/intc.o" "../src/intc/intc.c"
'Finished building: ../src/intc/intc.c'
' '
'Building file: ../src/dynclk/dynclk.c'
'Invoking: ARM v7 gcc compiler'
arm-none-eabi-gcc -Wall -O0 -g3 -c -fmessage-length=0 -MT"src/dynclk/dynclk.o" -mcpu=cortex-a9 -mfpu=vfpv3 -mfloat-abi=hard -I../../invader_moving_bsp/ps7_cortexa9_0/include -MMD -MP -MF"src/dynclk/dynclk.d" -MT"src/dynclk/dynclk.o" -o "src/dynclk/dynclk.o" "../src/dynclk/dynclk.c"
'Finished building: ../src/dynclk/dynclk.c'
' '
'Building file: ../src/display_ctrl/display_ctrl.c'
'Invoking: ARM v7 gcc compiler'
arm-none-eabi-gcc -Wall -O0 -g3 -c -fmessage-length=0 -MT"src/display_ctrl/display_ctrl.o" -mcpu=cortex-a9 -mfpu=vfpv3 -mfloat-abi=hard -I../../invader_moving_bsp/ps7_cortexa9_0/include -MMD -MP -MF"src/display_ctrl/display_ctrl.d" -MT"src/display_ctrl/display_ctrl.o" -o "src/display_ctrl/display_ctrl.o" "../src/display_ctrl/display_ctrl.c"
'Finished building: ../src/display_ctrl/display_ctrl.c'
' '
'Building file: ../src/video_demo.c'
'Invoking: ARM v7 gcc compiler'
arm-none-eabi-gcc -Wall -O0 -g3 -c -fmessage-length=0 -MT"src/video_demo.o" -mcpu=cortex-a9 -mfpu=vfpv3 -mfloat-abi=hard -I../../invader_moving_bsp/ps7_cortexa9_0/include -MMD -MP -MF"src/video_demo.d" -MT"src/video_demo.o" -o "src/video_demo.o" "../src/video_demo.c"
'Finished building: ../src/video_demo.c'
' '
'Building target: invader_moving.elf'
'Invoking: ARM v7 gcc linker'
arm-none-eabi-gcc -mcpu=cortex-a9 -mfpu=vfpv3 -mfloat-abi=hard -Wl,-build-id=none -specs=Xilinx.spec -Wl,-T -Wl,../src/lscript.ld -L../../invader_moving_bsp/ps7_cortexa9_0/lib -o "invader_moving.elf"  ./src/video_capture/video_capture.o  ./src/timer_ps/timer_ps.o  ./src/intc/intc.o  ./src/dynclk/dynclk.o  ./src/display_ctrl/display_ctrl.o  ./src/video_demo.o   -Wl,--start-group,-lxil,-lgcc,-lc,--end-group
'Finished building target: invader_moving.elf'
' '
'Invoking: ARM v7 Print Size'
arm-none-eabi-size invader_moving.elf  |tee "invader_moving.elf.size"
   text	   data	    bss	    dec	    hex	filename
 103000	   3528	18688928	18795456	11ecbc0	invader_moving.elf
'Finished building: invader_moving.elf.size'
' '
14:21:33 **** Incremental Build of configuration Debug for project invader_moving ****
make pre-build main-build 
a9-linaro-pre-build-step
' '
make: Nothing to be done for 'main-build'.
14:23:17 **** Auto Build of configuration Debug for project invader_moving ****
make pre-build main-build 
a9-linaro-pre-build-step
' '
'Building file: ../src/hdmi_example.c'
'Invoking: ARM v7 gcc compiler'
arm-none-eabi-gcc -Wall -O0 -g3 -c -fmessage-length=0 -MT"src/hdmi_example.o" -mcpu=cortex-a9 -mfpu=vfpv3 -mfloat-abi=hard -I../../invader_moving_bsp/ps7_cortexa9_0/include -MMD -MP -MF"src/hdmi_example.d" -MT"src/hdmi_example.o" -o "src/hdmi_example.o" "../src/hdmi_example.c"
../src/hdmi_example.c:10:10: fatal error: zybo_z7_hdmi/display_ctrl.h: No such file or directory
 #include "zybo_z7_hdmi/display_ctrl.h"
          ^~~~~~~~~~~~~~~~~~~~~~~~~~~~~
compilation terminated.
make: *** [src/subdir.mk:29: src/hdmi_example.o] Error 1
14:23:45 **** Auto Build of configuration Debug for project invader_moving ****
make pre-build main-build 
a9-linaro-pre-build-step
' '
'Building file: ../src/hdmi_example.c'
'Invoking: ARM v7 gcc compiler'
arm-none-eabi-gcc -Wall -O0 -g3 -c -fmessage-length=0 -MT"src/hdmi_example.o" -mcpu=cortex-a9 -mfpu=vfpv3 -mfloat-abi=hard -I../../invader_moving_bsp/ps7_cortexa9_0/include -MMD -MP -MF"src/hdmi_example.d" -MT"src/hdmi_example.o" -o "src/hdmi_example.o" "../src/hdmi_example.c"
../src/hdmi_example.c: In function 'main':
../src/hdmi_example.c:27:79: error: 'XPAR_HDMI_AXI_DYNCLK_0_BASEADDR' undeclared (first use in this function); did you mean 'XPAR_AXI_DYNCLK_0_BASEADDR'?
  DisplayInitialize(&dispCtrl, XPAR_AXIVDMA_0_DEVICE_ID, XPAR_VTC_0_DEVICE_ID, XPAR_HDMI_AXI_DYNCLK_0_BASEADDR, pFrames, FRAME_STRIDE);
                                                                               ^~~~~~~~~~~~~~~~~~~~~~~~~~~~~~~
                                                                               XPAR_AXI_DYNCLK_0_BASEADDR
../src/hdmi_example.c:27:79: note: each undeclared identifier is reported only once for each function it appears in
../src/hdmi_example.c:27:112: warning: passing argument 5 of 'DisplayInitialize' from incompatible pointer type [-Wincompatible-pointer-types]
  DisplayInitialize(&dispCtrl, XPAR_AXIVDMA_0_DEVICE_ID, XPAR_VTC_0_DEVICE_ID, XPAR_HDMI_AXI_DYNCLK_0_BASEADDR, pFrames, FRAME_STRIDE);
                                                                                                                ^~~~~~~
In file included from ../src/hdmi_example.c:10:
../src/display_ctrl/display_ctrl.h:101:92: note: expected 'u8 **' {aka 'unsigned char **'} but argument is of type 'void **'
 int DisplayInitialize(DisplayCtrl *dispPtr, XAxiVdma *vdma, u16 vtcId, u32 dynClkAddr, u8 *framePtr[DISPLAY_NUM_FRAMES], u32 stride);
                                                                                        ~~~~^~~~~~~~~~~~~~~~~~~~~~~~~~~~
../src/hdmi_example.c:33:29: error: 'VMODE_1440x900' undeclared (first use in this function); did you mean 'VMODE_1600x900'?
  DisplaySetMode(&dispCtrl, &VMODE_1440x900);
                             ^~~~~~~~~~~~~~
                             VMODE_1600x900
make: *** [src/subdir.mk:29: src/hdmi_example.o] Error 1
14:24:29 **** Auto Build of configuration Debug for project invader_moving ****
make pre-build main-build 
a9-linaro-pre-build-step
' '
'Building file: ../src/hdmi_example.c'
'Invoking: ARM v7 gcc compiler'
arm-none-eabi-gcc -Wall -O0 -g3 -c -fmessage-length=0 -MT"src/hdmi_example.o" -mcpu=cortex-a9 -mfpu=vfpv3 -mfloat-abi=hard -I../../invader_moving_bsp/ps7_cortexa9_0/include -MMD -MP -MF"src/hdmi_example.d" -MT"src/hdmi_example.o" -o "src/hdmi_example.o" "../src/hdmi_example.c"
../src/hdmi_example.c: In function 'main':
../src/hdmi_example.c:27:79: error: 'XPAR_HDMI_AXI_DYNCLK_0_BASEADDR' undeclared (first use in this function); did you mean 'XPAR_AXI_DYNCLK_0_BASEADDR'?
  DisplayInitialize(&dispCtrl, XPAR_AXIVDMA_0_DEVICE_ID, XPAR_VTC_0_DEVICE_ID, XPAR_HDMI_AXI_DYNCLK_0_BASEADDR, pFrames, FRAME_STRIDE);
                                                                               ^~~~~~~~~~~~~~~~~~~~~~~~~~~~~~~
                                                                               XPAR_AXI_DYNCLK_0_BASEADDR
../src/hdmi_example.c:27:79: note: each undeclared identifier is reported only once for each function it appears in
../src/hdmi_example.c:27:112: warning: passing argument 5 of 'DisplayInitialize' from incompatible pointer type [-Wincompatible-pointer-types]
  DisplayInitialize(&dispCtrl, XPAR_AXIVDMA_0_DEVICE_ID, XPAR_VTC_0_DEVICE_ID, XPAR_HDMI_AXI_DYNCLK_0_BASEADDR, pFrames, FRAME_STRIDE);
                                                                                                                ^~~~~~~
In file included from ../src/hdmi_example.c:10:
../src/display_ctrl/display_ctrl.h:101:92: note: expected 'u8 **' {aka 'unsigned char **'} but argument is of type 'void **'
 int DisplayInitialize(DisplayCtrl *dispPtr, XAxiVdma *vdma, u16 vtcId, u32 dynClkAddr, u8 *framePtr[DISPLAY_NUM_FRAMES], u32 stride);
                                                                                        ~~~~^~~~~~~~~~~~~~~~~~~~~~~~~~~~
../src/hdmi_example.c:33:29: error: 'VMODE_1440x900' undeclared (first use in this function); did you mean 'VMODE_1600x900'?
  DisplaySetMode(&dispCtrl, &VMODE_1440x900);
                             ^~~~~~~~~~~~~~
                             VMODE_1600x900
make: *** [src/subdir.mk:29: src/hdmi_example.o] Error 1
14:24:39 **** Auto Build of configuration Debug for project invader_moving ****
make pre-build main-build 
a9-linaro-pre-build-step
' '
'Building file: ../src/hdmi_example.c'
'Invoking: ARM v7 gcc compiler'
arm-none-eabi-gcc -Wall -O0 -g3 -c -fmessage-length=0 -MT"src/hdmi_example.o" -mcpu=cortex-a9 -mfpu=vfpv3 -mfloat-abi=hard -I../../invader_moving_bsp/ps7_cortexa9_0/include -MMD -MP -MF"src/hdmi_example.d" -MT"src/hdmi_example.o" -o "src/hdmi_example.o" "../src/hdmi_example.c"
../src/hdmi_example.c: In function 'main':
../src/hdmi_example.c:27:79: error: 'XPAR_HDMI_AXI_DYNCLK_0_BASEADDR' undeclared (first use in this function); did you mean 'XPAR_AXI_DYNCLK_0_BASEADDR'?
  DisplayInitialize(&dispCtrl, XPAR_AXIVDMA_0_DEVICE_ID, XPAR_VTC_0_DEVICE_ID, XPAR_HDMI_AXI_DYNCLK_0_BASEADDR, pFrames, FRAME_STRIDE);
                                                                               ^~~~~~~~~~~~~~~~~~~~~~~~~~~~~~~
                                                                               XPAR_AXI_DYNCLK_0_BASEADDR
../src/hdmi_example.c:27:79: note: each undeclared identifier is reported only once for each function it appears in
../src/hdmi_example.c:27:112: warning: passing argument 5 of 'DisplayInitialize' from incompatible pointer type [-Wincompatible-pointer-types]
  DisplayInitialize(&dispCtrl, XPAR_AXIVDMA_0_DEVICE_ID, XPAR_VTC_0_DEVICE_ID, XPAR_HDMI_AXI_DYNCLK_0_BASEADDR, pFrames, FRAME_STRIDE);
                                                                                                                ^~~~~~~
In file included from ../src/hdmi_example.c:10:
../src/display_ctrl/display_ctrl.h:101:92: note: expected 'u8 **' {aka 'unsigned char **'} but argument is of type 'void **'
 int DisplayInitialize(DisplayCtrl *dispPtr, XAxiVdma *vdma, u16 vtcId, u32 dynClkAddr, u8 *framePtr[DISPLAY_NUM_FRAMES], u32 stride);
                                                                                        ~~~~^~~~~~~~~~~~~~~~~~~~~~~~~~~~
../src/hdmi_example.c:33:29: error: 'VMODE_1440x900' undeclared (first use in this function); did you mean 'VMODE_1600x900'?
  DisplaySetMode(&dispCtrl, &VMODE_1440x900);
                             ^~~~~~~~~~~~~~
                             VMODE_1600x900
make: *** [src/subdir.mk:29: src/hdmi_example.o] Error 1
14:25:02 **** Clean-only build of configuration Debug for project invader_moving ****
make clean 
rm -rf  ./src/video_capture/video_capture.o  ./src/timer_ps/timer_ps.o  ./src/intc/intc.o  ./src/dynclk/dynclk.o  ./src/display_ctrl/display_ctrl.o  ./src/hdmi_example.o ./src/hdmi_example_anim.o ./src/video_demo.o  ./src/video_capture/video_capture.d  ./src/timer_ps/timer_ps.d  ./src/intc/intc.d  ./src/dynclk/dynclk.d  ./src/display_ctrl/display_ctrl.d  ./src/hdmi_example.d ./src/hdmi_example_anim.d ./src/video_demo.d  invader_moving.elf.size  invader_moving.elf
' '
14:25:03 **** Auto Build of configuration Debug for project invader_moving ****
make pre-build main-build 
a9-linaro-pre-build-step
' '
'Building file: ../src/video_capture/video_capture.c'
'Invoking: ARM v7 gcc compiler'
arm-none-eabi-gcc -Wall -O0 -g3 -c -fmessage-length=0 -MT"src/video_capture/video_capture.o" -mcpu=cortex-a9 -mfpu=vfpv3 -mfloat-abi=hard -I../../invader_moving_bsp/ps7_cortexa9_0/include -MMD -MP -MF"src/video_capture/video_capture.d" -MT"src/video_capture/video_capture.o" -o "src/video_capture/video_capture.o" "../src/video_capture/video_capture.c"
'Finished building: ../src/video_capture/video_capture.c'
' '
'Building file: ../src/timer_ps/timer_ps.c'
'Invoking: ARM v7 gcc compiler'
arm-none-eabi-gcc -Wall -O0 -g3 -c -fmessage-length=0 -MT"src/timer_ps/timer_ps.o" -mcpu=cortex-a9 -mfpu=vfpv3 -mfloat-abi=hard -I../../invader_moving_bsp/ps7_cortexa9_0/include -MMD -MP -MF"src/timer_ps/timer_ps.d" -MT"src/timer_ps/timer_ps.o" -o "src/timer_ps/timer_ps.o" "../src/timer_ps/timer_ps.c"
'Finished building: ../src/timer_ps/timer_ps.c'
' '
'Building file: ../src/intc/intc.c'
'Invoking: ARM v7 gcc compiler'
arm-none-eabi-gcc -Wall -O0 -g3 -c -fmessage-length=0 -MT"src/intc/intc.o" -mcpu=cortex-a9 -mfpu=vfpv3 -mfloat-abi=hard -I../../invader_moving_bsp/ps7_cortexa9_0/include -MMD -MP -MF"src/intc/intc.d" -MT"src/intc/intc.o" -o "src/intc/intc.o" "../src/intc/intc.c"
'Finished building: ../src/intc/intc.c'
' '
'Building file: ../src/dynclk/dynclk.c'
'Invoking: ARM v7 gcc compiler'
arm-none-eabi-gcc -Wall -O0 -g3 -c -fmessage-length=0 -MT"src/dynclk/dynclk.o" -mcpu=cortex-a9 -mfpu=vfpv3 -mfloat-abi=hard -I../../invader_moving_bsp/ps7_cortexa9_0/include -MMD -MP -MF"src/dynclk/dynclk.d" -MT"src/dynclk/dynclk.o" -o "src/dynclk/dynclk.o" "../src/dynclk/dynclk.c"
'Finished building: ../src/dynclk/dynclk.c'
' '
'Building file: ../src/display_ctrl/display_ctrl.c'
'Invoking: ARM v7 gcc compiler'
arm-none-eabi-gcc -Wall -O0 -g3 -c -fmessage-length=0 -MT"src/display_ctrl/display_ctrl.o" -mcpu=cortex-a9 -mfpu=vfpv3 -mfloat-abi=hard -I../../invader_moving_bsp/ps7_cortexa9_0/include -MMD -MP -MF"src/display_ctrl/display_ctrl.d" -MT"src/display_ctrl/display_ctrl.o" -o "src/display_ctrl/display_ctrl.o" "../src/display_ctrl/display_ctrl.c"
'Finished building: ../src/display_ctrl/display_ctrl.c'
' '
'Building file: ../src/hdmi_example_anim.c'
'Invoking: ARM v7 gcc compiler'
arm-none-eabi-gcc -Wall -O0 -g3 -c -fmessage-length=0 -MT"src/hdmi_example_anim.o" -mcpu=cortex-a9 -mfpu=vfpv3 -mfloat-abi=hard -I../../invader_moving_bsp/ps7_cortexa9_0/include -MMD -MP -MF"src/hdmi_example_anim.d" -MT"src/hdmi_example_anim.o" -o "src/hdmi_example_anim.o" "../src/hdmi_example_anim.c"
../src/hdmi_example_anim.c: In function 'main':
../src/hdmi_example_anim.c:27:79: error: 'XPAR_HDMI_AXI_DYNCLK_0_BASEADDR' undeclared (first use in this function); did you mean 'XPAR_AXI_DYNCLK_0_BASEADDR'?
  DisplayInitialize(&dispCtrl, XPAR_AXIVDMA_0_DEVICE_ID, XPAR_VTC_0_DEVICE_ID, XPAR_HDMI_AXI_DYNCLK_0_BASEADDR, pFrames, FRAME_STRIDE);
                                                                               ^~~~~~~~~~~~~~~~~~~~~~~~~~~~~~~
                                                                               XPAR_AXI_DYNCLK_0_BASEADDR
../src/hdmi_example_anim.c:27:79: note: each undeclared identifier is reported only once for each function it appears in
../src/hdmi_example_anim.c:27:112: warning: passing argument 5 of 'DisplayInitialize' from incompatible pointer type [-Wincompatible-pointer-types]
  DisplayInitialize(&dispCtrl, XPAR_AXIVDMA_0_DEVICE_ID, XPAR_VTC_0_DEVICE_ID, XPAR_HDMI_AXI_DYNCLK_0_BASEADDR, pFrames, FRAME_STRIDE);
                                                                                                                ^~~~~~~
In file included from ../src/hdmi_example_anim.c:10:
../src/display_ctrl/display_ctrl.h:101:92: note: expected 'u8 **' {aka 'unsigned char **'} but argument is of type 'void **'
 int DisplayInitialize(DisplayCtrl *dispPtr, XAxiVdma *vdma, u16 vtcId, u32 dynClkAddr, u8 *framePtr[DISPLAY_NUM_FRAMES], u32 stride);
                                                                                        ~~~~^~~~~~~~~~~~~~~~~~~~~~~~~~~~
../src/hdmi_example_anim.c:33:29: error: 'VMODE_1440x900' undeclared (first use in this function); did you mean 'VMODE_1600x900'?
  DisplaySetMode(&dispCtrl, &VMODE_1440x900);
                             ^~~~~~~~~~~~~~
                             VMODE_1600x900
../src/hdmi_example_anim.c:103:4: warning: implicit declaration of function 'DisplayWaitForSync'; did you mean 'DisplaySetMode'? [-Wimplicit-function-declaration]
    DisplayWaitForSync(&dispCtrl);
    ^~~~~~~~~~~~~~~~~~
    DisplaySetMode
make: *** [src/subdir.mk:26: src/hdmi_example_anim.o] Error 1
14:28:02 **** Auto Build of configuration Debug for project invader_moving ****
make pre-build main-build 
a9-linaro-pre-build-step
' '
'Building file: ../src/hdmi_example_anim.c'
'Invoking: ARM v7 gcc compiler'
arm-none-eabi-gcc -Wall -O0 -g3 -c -fmessage-length=0 -MT"src/hdmi_example_anim.o" -mcpu=cortex-a9 -mfpu=vfpv3 -mfloat-abi=hard -I../../invader_moving_bsp/ps7_cortexa9_0/include -MMD -MP -MF"src/hdmi_example_anim.d" -MT"src/hdmi_example_anim.o" -o "src/hdmi_example_anim.o" "../src/hdmi_example_anim.c"
../src/hdmi_example_anim.c: In function 'main':
../src/hdmi_example_anim.c:39:2: warning: implicit declaration of function 'TimerInitialize'; did you mean 'DisplayInitialize'? [-Wimplicit-function-declaration]
  TimerInitialize(SCU_TIMER_ID);
  ^~~~~~~~~~~~~~~
  DisplayInitialize
../src/hdmi_example_anim.c:39:18: error: 'SCU_TIMER_ID' undeclared (first use in this function); did you mean '__TIME__'?
  TimerInitialize(SCU_TIMER_ID);
                  ^~~~~~~~~~~~
                  __TIME__
../src/hdmi_example_anim.c:39:18: note: each undeclared identifier is reported only once for each function it appears in
../src/hdmi_example_anim.c:44:37: error: 'VDMA_ID' undeclared (first use in this function)
  vdmaConfig = XAxiVdma_LookupConfig(VDMA_ID);
                                     ^~~~~~~
../src/hdmi_example_anim.c:48:3: warning: 'return' with no value, in function returning non-void
   return;
   ^~~~~~
../src/hdmi_example_anim.c:20:5: note: declared here
 int main(void) {
     ^~~~
../src/hdmi_example_anim.c:50:35: error: 'vdma' undeclared (first use in this function); did you mean 'dmb'?
  Status = XAxiVdma_CfgInitialize(&vdma, vdmaConfig, vdmaConfig->BaseAddress);
                                   ^~~~
                                   dmb
../src/hdmi_example_anim.c:54:3: warning: 'return' with no value, in function returning non-void
   return;
   ^~~~~~
../src/hdmi_example_anim.c:20:5: note: declared here
 int main(void) {
     ^~~~
../src/hdmi_example_anim.c:60:47: error: 'HDMI_OUT_VTC_ID' undeclared (first use in this function)
  Status = DisplayInitialize(&dispCtrl, &vdma, HDMI_OUT_VTC_ID, DYNCLK_BASEADDR, pFrames, DEMO_STRIDE);
                                               ^~~~~~~~~~~~~~~
../src/hdmi_example_anim.c:60:64: error: 'DYNCLK_BASEADDR' undeclared (first use in this function); did you mean 'XPS_CAN0_BASEADDR'?
  Status = DisplayInitialize(&dispCtrl, &vdma, HDMI_OUT_VTC_ID, DYNCLK_BASEADDR, pFrames, DEMO_STRIDE);
                                                                ^~~~~~~~~~~~~~~
                                                                XPS_CAN0_BASEADDR
../src/hdmi_example_anim.c:60:90: error: 'DEMO_STRIDE' undeclared (first use in this function); did you mean 'FRAME_STRIDE'?
  Status = DisplayInitialize(&dispCtrl, &vdma, HDMI_OUT_VTC_ID, DYNCLK_BASEADDR, pFrames, DEMO_STRIDE);
                                                                                          ^~~~~~~~~~~
                                                                                          FRAME_STRIDE
../src/hdmi_example_anim.c:60:81: warning: passing argument 5 of 'DisplayInitialize' from incompatible pointer type [-Wincompatible-pointer-types]
  Status = DisplayInitialize(&dispCtrl, &vdma, HDMI_OUT_VTC_ID, DYNCLK_BASEADDR, pFrames, DEMO_STRIDE);
                                                                                 ^~~~~~~
In file included from ../src/hdmi_example_anim.c:10:
../src/display_ctrl/display_ctrl.h:101:92: note: expected 'u8 **' {aka 'unsigned char **'} but argument is of type 'void **'
 int DisplayInitialize(DisplayCtrl *dispPtr, XAxiVdma *vdma, u16 vtcId, u32 dynClkAddr, u8 *framePtr[DISPLAY_NUM_FRAMES], u32 stride);
                                                                                        ~~~~^~~~~~~~~~~~~~~~~~~~~~~~~~~~
../src/hdmi_example_anim.c:64:3: warning: 'return' with no value, in function returning non-void
   return;
   ^~~~~~
../src/hdmi_example_anim.c:20:5: note: declared here
 int main(void) {
     ^~~~
../src/hdmi_example_anim.c:70:3: warning: 'return' with no value, in function returning non-void
   return;
   ^~~~~~
../src/hdmi_example_anim.c:20:5: note: declared here
 int main(void) {
     ^~~~
../src/hdmi_example_anim.c:80:11: warning: implicit declaration of function 'fnInitInterruptController' [-Wimplicit-function-declaration]
  Status = fnInitInterruptController(&intc);
           ^~~~~~~~~~~~~~~~~~~~~~~~~
../src/hdmi_example_anim.c:80:38: error: 'intc' undeclared (first use in this function); did you mean 'int'?
  Status = fnInitInterruptController(&intc);
                                      ^~~~
                                      int
../src/hdmi_example_anim.c:83:3: warning: 'return' with no value, in function returning non-void
   return;
   ^~~~~~
../src/hdmi_example_anim.c:20:5: note: declared here
 int main(void) {
     ^~~~
../src/hdmi_example_anim.c:85:2: warning: implicit declaration of function 'fnEnableInterrupts' [-Wimplicit-function-declaration]
  fnEnableInterrupts(&intc, &ivt[0], sizeof(ivt)/sizeof(ivt[0]));
  ^~~~~~~~~~~~~~~~~~
../src/hdmi_example_anim.c:85:29: error: 'ivt' undeclared (first use in this function); did you mean 'int'?
  fnEnableInterrupts(&intc, &ivt[0], sizeof(ivt)/sizeof(ivt[0]));
                             ^~~
                             int
../src/hdmi_example_anim.c:153:4: warning: implicit declaration of function 'DisplayWaitForSync'; did you mean 'DisplaySetMode'? [-Wimplicit-function-declaration]
    DisplayWaitForSync(&dispCtrl);
    ^~~~~~~~~~~~~~~~~~
    DisplaySetMode
make: *** [src/subdir.mk:26: src/hdmi_example_anim.o] Error 1
14:29:30 **** Auto Build of configuration Debug for project invader_moving ****
make pre-build main-build 
a9-linaro-pre-build-step
' '
'Building file: ../src/hdmi_example_anim.c'
'Invoking: ARM v7 gcc compiler'
arm-none-eabi-gcc -Wall -O0 -g3 -c -fmessage-length=0 -MT"src/hdmi_example_anim.o" -mcpu=cortex-a9 -mfpu=vfpv3 -mfloat-abi=hard -I../../invader_moving_bsp/ps7_cortexa9_0/include -MMD -MP -MF"src/hdmi_example_anim.d" -MT"src/hdmi_example_anim.o" -o "src/hdmi_example_anim.o" "../src/hdmi_example_anim.c"
../src/hdmi_example_anim.c:58:4: error: conflicting types for 'frameBuf'
 u8 frameBuf[DISPLAY_NUM_FRAMES][DEMO_MAX_FRAME] __attribute__((aligned(0x20)));
    ^~~~~~~~
../src/hdmi_example_anim.c:25:5: note: previous declaration of 'frameBuf' was here
 u32 frameBuf[DISPLAY_NUM_FRAMES][MAX_FRAME] __attribute__((aligned(0x20))); // Frame buffers for video data
     ^~~~~~~~
../src/hdmi_example_anim.c:59:5: error: conflicting types for 'pFrames'
 u8 *pFrames[DISPLAY_NUM_FRAMES]; //array of pointers to the frame buffers
     ^~~~~~~
../src/hdmi_example_anim.c:26:7: note: previous declaration of 'pFrames' was here
 void *pFrames[DISPLAY_NUM_FRAMES]; // Array of pointers to the frame buffers
       ^~~~~~~
../src/hdmi_example_anim.c: In function 'main':
../src/hdmi_example_anim.c:99:3: warning: 'return' with no value, in function returning non-void
   return;
   ^~~~~~
../src/hdmi_example_anim.c:71:5: note: declared here
 int main(void) {
     ^~~~
../src/hdmi_example_anim.c:105:3: warning: 'return' with no value, in function returning non-void
   return;
   ^~~~~~
../src/hdmi_example_anim.c:71:5: note: declared here
 int main(void) {
     ^~~~
../src/hdmi_example_anim.c:115:3: warning: 'return' with no value, in function returning non-void
   return;
   ^~~~~~
../src/hdmi_example_anim.c:71:5: note: declared here
 int main(void) {
     ^~~~
../src/hdmi_example_anim.c:121:3: warning: 'return' with no value, in function returning non-void
   return;
   ^~~~~~
../src/hdmi_example_anim.c:71:5: note: declared here
 int main(void) {
     ^~~~
../src/hdmi_example_anim.c:134:3: warning: 'return' with no value, in function returning non-void
   return;
   ^~~~~~
../src/hdmi_example_anim.c:71:5: note: declared here
 int main(void) {
     ^~~~
../src/hdmi_example_anim.c:204:4: warning: implicit declaration of function 'DisplayWaitForSync'; did you mean 'DisplaySetMode'? [-Wimplicit-function-declaration]
    DisplayWaitForSync(&dispCtrl);
    ^~~~~~~~~~~~~~~~~~
    DisplaySetMode
make: *** [src/subdir.mk:26: src/hdmi_example_anim.o] Error 1
14:30:56 **** Clean-only build of configuration Debug for project invader_moving ****
make clean 
rm -rf  ./src/video_capture/video_capture.o  ./src/timer_ps/timer_ps.o  ./src/intc/intc.o  ./src/dynclk/dynclk.o  ./src/display_ctrl/display_ctrl.o  ./src/hdmi_example_anim.o ./src/video_demo.o  ./src/video_capture/video_capture.d  ./src/timer_ps/timer_ps.d  ./src/intc/intc.d  ./src/dynclk/dynclk.d  ./src/display_ctrl/display_ctrl.d  ./src/hdmi_example_anim.d ./src/video_demo.d  invader_moving.elf.size  invader_moving.elf
' '
14:30:56 **** Auto Build of configuration Debug for project invader_moving ****
make pre-build main-build 
a9-linaro-pre-build-step
' '
'Building file: ../src/video_capture/video_capture.c'
'Invoking: ARM v7 gcc compiler'
arm-none-eabi-gcc -Wall -O0 -g3 -c -fmessage-length=0 -MT"src/video_capture/video_capture.o" -mcpu=cortex-a9 -mfpu=vfpv3 -mfloat-abi=hard -I../../invader_moving_bsp/ps7_cortexa9_0/include -MMD -MP -MF"src/video_capture/video_capture.d" -MT"src/video_capture/video_capture.o" -o "src/video_capture/video_capture.o" "../src/video_capture/video_capture.c"
'Finished building: ../src/video_capture/video_capture.c'
' '
'Building file: ../src/timer_ps/timer_ps.c'
'Invoking: ARM v7 gcc compiler'
arm-none-eabi-gcc -Wall -O0 -g3 -c -fmessage-length=0 -MT"src/timer_ps/timer_ps.o" -mcpu=cortex-a9 -mfpu=vfpv3 -mfloat-abi=hard -I../../invader_moving_bsp/ps7_cortexa9_0/include -MMD -MP -MF"src/timer_ps/timer_ps.d" -MT"src/timer_ps/timer_ps.o" -o "src/timer_ps/timer_ps.o" "../src/timer_ps/timer_ps.c"
'Finished building: ../src/timer_ps/timer_ps.c'
' '
'Building file: ../src/intc/intc.c'
'Invoking: ARM v7 gcc compiler'
arm-none-eabi-gcc -Wall -O0 -g3 -c -fmessage-length=0 -MT"src/intc/intc.o" -mcpu=cortex-a9 -mfpu=vfpv3 -mfloat-abi=hard -I../../invader_moving_bsp/ps7_cortexa9_0/include -MMD -MP -MF"src/intc/intc.d" -MT"src/intc/intc.o" -o "src/intc/intc.o" "../src/intc/intc.c"
'Finished building: ../src/intc/intc.c'
' '
'Building file: ../src/dynclk/dynclk.c'
'Invoking: ARM v7 gcc compiler'
arm-none-eabi-gcc -Wall -O0 -g3 -c -fmessage-length=0 -MT"src/dynclk/dynclk.o" -mcpu=cortex-a9 -mfpu=vfpv3 -mfloat-abi=hard -I../../invader_moving_bsp/ps7_cortexa9_0/include -MMD -MP -MF"src/dynclk/dynclk.d" -MT"src/dynclk/dynclk.o" -o "src/dynclk/dynclk.o" "../src/dynclk/dynclk.c"
'Finished building: ../src/dynclk/dynclk.c'
' '
'Building file: ../src/display_ctrl/display_ctrl.c'
'Invoking: ARM v7 gcc compiler'
[...]
   xil_printf(playerPos);
              ^~~~~~~~~
In file included from ../../hdmiProject_bsp/ps7_cortexa9_0/include/xil_io.h:61,
                 from ../../hdmiProject_bsp/ps7_cortexa9_0/include/xaxivdma_hw.h:79,
                 from ../../hdmiProject_bsp/ps7_cortexa9_0/include/xaxivdma.h:315,
                 from ../src/display_ctrl/display_ctrl.h:56,
                 from ../src/project_main.h:14,
                 from ../src/project_main.c:1:
../../hdmiProject_bsp/ps7_cortexa9_0/include/xil_printf.h:39:31: note: expected 'const char8 *' {aka 'const char *'} but argument is of type 'int'
 void xil_printf( const char8 *ctrl1, ...);
                  ~~~~~~~~~~~~~^~~~~
../src/project_main.c:88:13: warning: unused variable 'tmr_count' [-Wunused-variable]
  static int tmr_count = 0; //local and permanent variable
             ^~~~~~~~~
../src/project_main.c: In function 'GameRun':
../src/project_main.c:273:7: warning: unused variable 'userInput' [-Wunused-variable]
  char userInput = 0;
       ^~~~~~~~~
../src/project_main.c: At top level:
../src/project_main.c:402:6: warning: conflicting types for 'spawnEnemy'
 void spawnEnemy(){
      ^~~~~~~~~~
../src/project_main.c:92:3: note: previous implicit declaration of 'spawnEnemy' was here
   spawnEnemy();
   ^~~~~~~~~~
../src/project_main.c:432:6: warning: conflicting types for 'updateEnemyPositions'
 void updateEnemyPositions(){
      ^~~~~~~~~~~~~~~~~~~~
../src/project_main.c:93:3: note: previous implicit declaration of 'updateEnemyPositions' was here
   updateEnemyPositions();
   ^~~~~~~~~~~~~~~~~~~~
../src/project_main.c:88:13: warning: 'tmr_count' defined but not used [-Wunused-variable]
  static int tmr_count = 0; //local and permanent variable
             ^~~~~~~~~
'Finished building: ../src/project_main.c'
' '
'Building target: hdmiProject.elf'
'Invoking: ARM v7 gcc linker'
arm-none-eabi-gcc -mcpu=cortex-a9 -mfpu=vfpv3 -mfloat-abi=hard -Wl,-build-id=none -specs=Xilinx.spec -Wl,-T -Wl,../src/lscript.ld -L../../hdmiProject_bsp/ps7_cortexa9_0/lib -o "hdmiProject.elf"  ./src/timer_ps/timer_ps.o  ./src/intc/intc.o  ./src/dynclk/dynclk.o  ./src/display_ctrl/display_ctrl.o  ./src/non_two_d_frame_writing.o ./src/project_main.o   -Wl,--start-group,-lxil,-lgcc,-lc,--end-group
'Finished building target: hdmiProject.elf'
' '
'Invoking: ARM v7 Print Size'
arm-none-eabi-size hdmiProject.elf  |tee "hdmiProject.elf.size"
   text	   data	    bss	    dec	    hex	filename
  83640	   2520	6247120	6333280	 60a360	hdmiProject.elf
'Finished building: hdmiProject.elf.size'
' '
12:38:24 **** Incremental Build of configuration Debug for project hdmiProject ****
make pre-build main-build 
a9-linaro-pre-build-step
' '
make: Nothing to be done for 'main-build'.
12:40:55 **** Incremental Build of configuration Debug for project hdmiProject ****
make pre-build main-build 
a9-linaro-pre-build-step
' '
'Building file: ../src/project_main.c'
'Invoking: ARM v7 gcc compiler'
arm-none-eabi-gcc -Wall -O0 -g3 -c -fmessage-length=0 -MT"src/project_main.o" -mcpu=cortex-a9 -mfpu=vfpv3 -mfloat-abi=hard -I../../hdmiProject_bsp/ps7_cortexa9_0/include -MMD -MP -MF"src/project_main.d" -MT"src/project_main.o" -o "src/project_main.o" "../src/project_main.c"
In file included from ../src/project_main.c:1:
../src/project_main.h:42: warning: "INTC_DEVICE_ID" redefined
 #define INTC_DEVICE_ID   XPAR_PS7_SCUGIC_0_DEVICE_ID
 
In file included from ../src/project_main.h:15,
                 from ../src/project_main.c:1:
../src/intc/intc.h:74: note: this is the location of the previous definition
  #define INTC_DEVICE_ID XPAR_SCUGIC_SINGLE_DEVICE_ID
 
../src/project_main.c: In function 'TMR_Intr_Handler':
../src/project_main.c:95:3: warning: implicit declaration of function 'spawnEnemy'; did you mean 'writeEnemy'? [-Wimplicit-function-declaration]
   spawnEnemy();
   ^~~~~~~~~~
   writeEnemy
../src/project_main.c:96:3: warning: implicit declaration of function 'updateEnemyPositions' [-Wimplicit-function-declaration]
   updateEnemyPositions();
   ^~~~~~~~~~~~~~~~~~~~
../src/project_main.c:100:14: warning: passing argument 1 of 'xil_printf' makes pointer from integer without a cast [-Wint-conversion]
   xil_printf(playerPos);
              ^~~~~~~~~
In file included from ../../hdmiProject_bsp/ps7_cortexa9_0/include/xil_io.h:61,
                 from ../../hdmiProject_bsp/ps7_cortexa9_0/include/xaxivdma_hw.h:79,
                 from ../../hdmiProject_bsp/ps7_cortexa9_0/include/xaxivdma.h:315,
                 from ../src/display_ctrl/display_ctrl.h:56,
                 from ../src/project_main.h:14,
                 from ../src/project_main.c:1:
../../hdmiProject_bsp/ps7_cortexa9_0/include/xil_printf.h:39:31: note: expected 'const char8 *' {aka 'const char *'} but argument is of type 'int'
 void xil_printf( const char8 *ctrl1, ...);
                  ~~~~~~~~~~~~~^~~~~
../src/project_main.c:91:13: warning: unused variable 'tmr_count' [-Wunused-variable]
  static int tmr_count = 0; //local and permanent variable
             ^~~~~~~~~
../src/project_main.c: In function 'GameRun':
../src/project_main.c:276:7: warning: unused variable 'userInput' [-Wunused-variable]
  char userInput = 0;
       ^~~~~~~~~
../src/project_main.c: At top level:
../src/project_main.c:405:6: warning: conflicting types for 'spawnEnemy'
 void spawnEnemy(){
      ^~~~~~~~~~
../src/project_main.c:95:3: note: previous implicit declaration of 'spawnEnemy' was here
   spawnEnemy();
   ^~~~~~~~~~
../src/project_main.c:435:6: warning: conflicting types for 'updateEnemyPositions'
 void updateEnemyPositions(){
      ^~~~~~~~~~~~~~~~~~~~
../src/project_main.c:96:3: note: previous implicit declaration of 'updateEnemyPositions' was here
   updateEnemyPositions();
   ^~~~~~~~~~~~~~~~~~~~
../src/project_main.c:91:13: warning: 'tmr_count' defined but not used [-Wunused-variable]
  static int tmr_count = 0; //local and permanent variable
             ^~~~~~~~~
'Finished building: ../src/project_main.c'
' '
'Building target: hdmiProject.elf'
'Invoking: ARM v7 gcc linker'
arm-none-eabi-gcc -mcpu=cortex-a9 -mfpu=vfpv3 -mfloat-abi=hard -Wl,-build-id=none -specs=Xilinx.spec -Wl,-T -Wl,../src/lscript.ld -L../../hdmiProject_bsp/ps7_cortexa9_0/lib -o "hdmiProject.elf"  ./src/timer_ps/timer_ps.o  ./src/intc/intc.o  ./src/dynclk/dynclk.o  ./src/display_ctrl/display_ctrl.o  ./src/non_two_d_frame_writing.o ./src/project_main.o   -Wl,--start-group,-lxil,-lgcc,-lc,--end-group
'Finished building target: hdmiProject.elf'
' '
'Invoking: ARM v7 Print Size'
arm-none-eabi-size hdmiProject.elf  |tee "hdmiProject.elf.size"
   text	   data	    bss	    dec	    hex	filename
  83768	   2520	6247120	6333408	 60a3e0	hdmiProject.elf
'Finished building: hdmiProject.elf.size'
' '
13:05:04 **** Auto Build of configuration Debug for project hdmiProject ****
make pre-build main-build 
a9-linaro-pre-build-step
' '
'Building file: ../src/project_main.c'
'Invoking: ARM v7 gcc compiler'
arm-none-eabi-gcc -Wall -O0 -g3 -c -fmessage-length=0 -MT"src/project_main.o" -mcpu=cortex-a9 -mfpu=vfpv3 -mfloat-abi=hard -I../../hdmiProject_bsp/ps7_cortexa9_0/include -MMD -MP -MF"src/project_main.d" -MT"src/project_main.o" -o "src/project_main.o" "../src/project_main.c"
In file included from ../src/project_main.c:1:
../src/project_main.h:42: warning: "INTC_DEVICE_ID" redefined
 #define INTC_DEVICE_ID   XPAR_PS7_SCUGIC_0_DEVICE_ID
 
In file included from ../src/project_main.h:15,
                 from ../src/project_main.c:1:
../src/intc/intc.h:74: note: this is the location of the previous definition
  #define INTC_DEVICE_ID XPAR_SCUGIC_SINGLE_DEVICE_ID
 
../src/project_main.c: In function 'TMR_Intr_Handler':
../src/project_main.c:95:3: warning: implicit declaration of function 'spawnEnemy'; did you mean 'writeEnemy'? [-Wimplicit-function-declaration]
   spawnEnemy();
   ^~~~~~~~~~
   writeEnemy
../src/project_main.c:96:3: warning: implicit declaration of function 'updateEnemyPositions' [-Wimplicit-function-declaration]
   updateEnemyPositions();
   ^~~~~~~~~~~~~~~~~~~~
../src/project_main.c:91:13: warning: unused variable 'tmr_count' [-Wunused-variable]
  static int tmr_count = 0; //local and permanent variable
             ^~~~~~~~~
../src/project_main.c: In function 'GameRun':
../src/project_main.c:276:7: warning: unused variable 'userInput' [-Wunused-variable]
  char userInput = 0;
       ^~~~~~~~~
../src/project_main.c: At top level:
../src/project_main.c:405:6: warning: conflicting types for 'spawnEnemy'
 void spawnEnemy(){
      ^~~~~~~~~~
../src/project_main.c:95:3: note: previous implicit declaration of 'spawnEnemy' was here
   spawnEnemy();
   ^~~~~~~~~~
../src/project_main.c:435:6: warning: conflicting types for 'updateEnemyPositions'
 void updateEnemyPositions(){
      ^~~~~~~~~~~~~~~~~~~~
../src/project_main.c:96:3: note: previous implicit declaration of 'updateEnemyPositions' was here
   updateEnemyPositions();
   ^~~~~~~~~~~~~~~~~~~~
../src/project_main.c:91:13: warning: 'tmr_count' defined but not used [-Wunused-variable]
  static int tmr_count = 0; //local and permanent variable
             ^~~~~~~~~
'Finished building: ../src/project_main.c'
' '
'Building target: hdmiProject.elf'
'Invoking: ARM v7 gcc linker'
arm-none-eabi-gcc -mcpu=cortex-a9 -mfpu=vfpv3 -mfloat-abi=hard -Wl,-build-id=none -specs=Xilinx.spec -Wl,-T -Wl,../src/lscript.ld -L../../hdmiProject_bsp/ps7_cortexa9_0/lib -o "hdmiProject.elf"  ./src/timer_ps/timer_ps.o  ./src/intc/intc.o  ./src/dynclk/dynclk.o  ./src/display_ctrl/display_ctrl.o  ./src/non_two_d_frame_writing.o ./src/project_main.o   -Wl,--start-group,-lxil,-lgcc,-lc,--end-group
'Finished building target: hdmiProject.elf'
' '
'Invoking: ARM v7 Print Size'
arm-none-eabi-size hdmiProject.elf  |tee "hdmiProject.elf.size"
   text	   data	    bss	    dec	    hex	filename
  83780	   2520	6247120	6333420	 60a3ec	hdmiProject.elf
'Finished building: hdmiProject.elf.size'
' '
13:05:39 **** Incremental Build of configuration Debug for project hdmiProject ****
make pre-build main-build 
a9-linaro-pre-build-step
' '
make: Nothing to be done for 'main-build'.
13:06:09 **** Auto Build of configuration Debug for project hdmiProject ****
make pre-build main-build 
a9-linaro-pre-build-step
' '
'Building file: ../src/project_main.c'
'Invoking: ARM v7 gcc compiler'
arm-none-eabi-gcc -Wall -O0 -g3 -c -fmessage-length=0 -MT"src/project_main.o" -mcpu=cortex-a9 -mfpu=vfpv3 -mfloat-abi=hard -I../../hdmiProject_bsp/ps7_cortexa9_0/include -MMD -MP -MF"src/project_main.d" -MT"src/project_main.o" -o "src/project_main.o" "../src/project_main.c"
In file included from ../src/project_main.c:1:
../src/project_main.h:42: warning: "INTC_DEVICE_ID" redefined
 #define INTC_DEVICE_ID   XPAR_PS7_SCUGIC_0_DEVICE_ID
 
In file included from ../src/project_main.h:15,
                 from ../src/project_main.c:1:
../src/intc/intc.h:74: note: this is the location of the previous definition
  #define INTC_DEVICE_ID XPAR_SCUGIC_SINGLE_DEVICE_ID
 
../src/project_main.c: In function 'TMR_Intr_Handler':
../src/project_main.c:95:3: warning: implicit declaration of function 'spawnEnemy'; did you mean 'writeEnemy'? [-Wimplicit-function-declaration]
   spawnEnemy();
   ^~~~~~~~~~
   writeEnemy
../src/project_main.c:96:3: warning: implicit declaration of function 'updateEnemyPositions' [-Wimplicit-function-declaration]
   updateEnemyPositions();
   ^~~~~~~~~~~~~~~~~~~~
../src/project_main.c:91:13: warning: unused variable 'tmr_count' [-Wunused-variable]
  static int tmr_count = 0; //local and permanent variable
             ^~~~~~~~~
../src/project_main.c: In function 'GameRun':
../src/project_main.c:276:7: warning: unused variable 'userInput' [-Wunused-variable]
  char userInput = 0;
       ^~~~~~~~~
../src/project_main.c: At top level:
../src/project_main.c:405:6: warning: conflicting types for 'spawnEnemy'
 void spawnEnemy(){
      ^~~~~~~~~~
../src/project_main.c:95:3: note: previous implicit declaration of 'spawnEnemy' was here
   spawnEnemy();
   ^~~~~~~~~~
../src/project_main.c:435:6: warning: conflicting types for 'updateEnemyPositions'
 void updateEnemyPositions(){
      ^~~~~~~~~~~~~~~~~~~~
../src/project_main.c:96:3: note: previous implicit declaration of 'updateEnemyPositions' was here
   updateEnemyPositions();
   ^~~~~~~~~~~~~~~~~~~~
../src/project_main.c:91:13: warning: 'tmr_count' defined but not used [-Wunused-variable]
  static int tmr_count = 0; //local and permanent variable
             ^~~~~~~~~
'Finished building: ../src/project_main.c'
' '
'Building target: hdmiProject.elf'
'Invoking: ARM v7 gcc linker'
arm-none-eabi-gcc -mcpu=cortex-a9 -mfpu=vfpv3 -mfloat-abi=hard -Wl,-build-id=none -specs=Xilinx.spec -Wl,-T -Wl,../src/lscript.ld -L../../hdmiProject_bsp/ps7_cortexa9_0/lib -o "hdmiProject.elf"  ./src/timer_ps/timer_ps.o  ./src/intc/intc.o  ./src/dynclk/dynclk.o  ./src/display_ctrl/display_ctrl.o  ./src/non_two_d_frame_writing.o ./src/project_main.o   -Wl,--start-group,-lxil,-lgcc,-lc,--end-group
'Finished building target: hdmiProject.elf'
' '
'Invoking: ARM v7 Print Size'
arm-none-eabi-size hdmiProject.elf  |tee "hdmiProject.elf.size"
   text	   data	    bss	    dec	    hex	filename
  83780	   2520	6247120	6333420	 60a3ec	hdmiProject.elf
'Finished building: hdmiProject.elf.size'
' '
13:08:08 **** Auto Build of configuration Debug for project hdmiProject ****
make pre-build main-build 
a9-linaro-pre-build-step
' '
'Building file: ../src/project_main.c'
'Invoking: ARM v7 gcc compiler'
arm-none-eabi-gcc -Wall -O0 -g3 -c -fmessage-length=0 -MT"src/project_main.o" -mcpu=cortex-a9 -mfpu=vfpv3 -mfloat-abi=hard -I../../hdmiProject_bsp/ps7_cortexa9_0/include -MMD -MP -MF"src/project_main.d" -MT"src/project_main.o" -o "src/project_main.o" "../src/project_main.c"
In file included from ../src/project_main.c:1:
../src/project_main.h:42: warning: "INTC_DEVICE_ID" redefined
 #define INTC_DEVICE_ID   XPAR_PS7_SCUGIC_0_DEVICE_ID
 
In file included from ../src/project_main.h:15,
                 from ../src/project_main.c:1:
../src/intc/intc.h:74: note: this is the location of the previous definition
  #define INTC_DEVICE_ID XPAR_SCUGIC_SINGLE_DEVICE_ID
 
../src/project_main.c: In function 'TMR_Intr_Handler':
../src/project_main.c:95:3: warning: implicit declaration of function 'spawnEnemy'; did you mean 'writeEnemy'? [-Wimplicit-function-declaration]
   spawnEnemy();
   ^~~~~~~~~~
   writeEnemy
../src/project_main.c:96:3: warning: implicit declaration of function 'updateEnemyPositions' [-Wimplicit-function-declaration]
   updateEnemyPositions();
   ^~~~~~~~~~~~~~~~~~~~
../src/project_main.c:91:13: warning: unused variable 'tmr_count' [-Wunused-variable]
  static int tmr_count = 0; //local and permanent variable
             ^~~~~~~~~
../src/project_main.c: In function 'GameRun':
../src/project_main.c:276:7: warning: unused variable 'userInput' [-Wunused-variable]
  char userInput = 0;
       ^~~~~~~~~
../src/project_main.c: At top level:
../src/project_main.c:405:6: warning: conflicting types for 'spawnEnemy'
 void spawnEnemy(){
      ^~~~~~~~~~
../src/project_main.c:95:3: note: previous implicit declaration of 'spawnEnemy' was here
   spawnEnemy();
   ^~~~~~~~~~
../src/project_main.c:435:6: warning: conflicting types for 'updateEnemyPositions'
 void updateEnemyPositions(){
      ^~~~~~~~~~~~~~~~~~~~
../src/project_main.c:96:3: note: previous implicit declaration of 'updateEnemyPositions' was here
   updateEnemyPositions();
   ^~~~~~~~~~~~~~~~~~~~
../src/project_main.c:91:13: warning: 'tmr_count' defined but not used [-Wunused-variable]
  static int tmr_count = 0; //local and permanent variable
             ^~~~~~~~~
'Finished building: ../src/project_main.c'
' '
'Building target: hdmiProject.elf'
'Invoking: ARM v7 gcc linker'
arm-none-eabi-gcc -mcpu=cortex-a9 -mfpu=vfpv3 -mfloat-abi=hard -Wl,-build-id=none -specs=Xilinx.spec -Wl,-T -Wl,../src/lscript.ld -L../../hdmiProject_bsp/ps7_cortexa9_0/lib -o "hdmiProject.elf"  ./src/timer_ps/timer_ps.o  ./src/intc/intc.o  ./src/dynclk/dynclk.o  ./src/display_ctrl/display_ctrl.o  ./src/non_two_d_frame_writing.o ./src/project_main.o   -Wl,--start-group,-lxil,-lgcc,-lc,--end-group
'Finished building target: hdmiProject.elf'
' '
'Invoking: ARM v7 Print Size'
arm-none-eabi-size hdmiProject.elf  |tee "hdmiProject.elf.size"
   text	   data	    bss	    dec	    hex	filename
  83780	   2520	6247120	6333420	 60a3ec	hdmiProject.elf
'Finished building: hdmiProject.elf.size'
' '
13:08:22 **** Incremental Build of configuration Debug for project hdmiProject ****
make pre-build main-build 
a9-linaro-pre-build-step
' '
make: Nothing to be done for 'main-build'.
13:10:20 **** Auto Build of configuration Debug for project hdmiProject ****
make pre-build main-build 
a9-linaro-pre-build-step
' '
'Building file: ../src/project_main.c'
'Invoking: ARM v7 gcc compiler'
arm-none-eabi-gcc -Wall -O0 -g3 -c -fmessage-length=0 -MT"src/project_main.o" -mcpu=cortex-a9 -mfpu=vfpv3 -mfloat-abi=hard -I../../hdmiProject_bsp/ps7_cortexa9_0/include -MMD -MP -MF"src/project_main.d" -MT"src/project_main.o" -o "src/project_main.o" "../src/project_main.c"
In file included from ../src/project_main.c:1:
../src/project_main.h:42: warning: "INTC_DEVICE_ID" redefined
 #define INTC_DEVICE_ID   XPAR_PS7_SCUGIC_0_DEVICE_ID
 
In file included from ../src/project_main.h:15,
                 from ../src/project_main.c:1:
../src/intc/intc.h:74: note: this is the location of the previous definition
  #define INTC_DEVICE_ID XPAR_SCUGIC_SINGLE_DEVICE_ID
 
../src/project_main.c: In function 'TMR_Intr_Handler':
../src/project_main.c:95:3: warning: implicit declaration of function 'spawnEnemy'; did you mean 'writeEnemy'? [-Wimplicit-function-declaration]
   spawnEnemy();
   ^~~~~~~~~~
   writeEnemy
../src/project_main.c:96:3: warning: implicit declaration of function 'updateEnemyPositions' [-Wimplicit-function-declaration]
   updateEnemyPositions();
   ^~~~~~~~~~~~~~~~~~~~
../src/project_main.c:91:13: warning: unused variable 'tmr_count' [-Wunused-variable]
  static int tmr_count = 0; //local and permanent variable
             ^~~~~~~~~
../src/project_main.c: In function 'GameRun':
../src/project_main.c:276:7: warning: unused variable 'userInput' [-Wunused-variable]
  char userInput = 0;
       ^~~~~~~~~
../src/project_main.c: At top level:
../src/project_main.c:405:6: warning: conflicting types for 'spawnEnemy'
 void spawnEnemy(){
      ^~~~~~~~~~
../src/project_main.c:95:3: note: previous implicit declaration of 'spawnEnemy' was here
   spawnEnemy();
   ^~~~~~~~~~
../src/project_main.c:435:6: warning: conflicting types for 'updateEnemyPositions'
 void updateEnemyPositions(){
      ^~~~~~~~~~~~~~~~~~~~
../src/project_main.c:96:3: note: previous implicit declaration of 'updateEnemyPositions' was here
   updateEnemyPositions();
   ^~~~~~~~~~~~~~~~~~~~
../src/project_main.c:91:13: warning: 'tmr_count' defined but not used [-Wunused-variable]
  static int tmr_count = 0; //local and permanent variable
             ^~~~~~~~~
'Finished building: ../src/project_main.c'
' '
'Building target: hdmiProject.elf'
'Invoking: ARM v7 gcc linker'
arm-none-eabi-gcc -mcpu=cortex-a9 -mfpu=vfpv3 -mfloat-abi=hard -Wl,-build-id=none -specs=Xilinx.spec -Wl,-T -Wl,../src/lscript.ld -L../../hdmiProject_bsp/ps7_cortexa9_0/lib -o "hdmiProject.elf"  ./src/timer_ps/timer_ps.o  ./src/intc/intc.o  ./src/dynclk/dynclk.o  ./src/display_ctrl/display_ctrl.o  ./src/non_two_d_frame_writing.o ./src/project_main.o   -Wl,--start-group,-lxil,-lgcc,-lc,--end-group
'Finished building target: hdmiProject.elf'
' '
'Invoking: ARM v7 Print Size'
arm-none-eabi-size hdmiProject.elf  |tee "hdmiProject.elf.size"
   text	   data	    bss	    dec	    hex	filename
  83816	   2520	6247120	6333456	 60a410	hdmiProject.elf
'Finished building: hdmiProject.elf.size'
' '
13:10:59 **** Incremental Build of configuration Debug for project hdmiProject ****
make pre-build main-build 
a9-linaro-pre-build-step
' '
make: Nothing to be done for 'main-build'.
